Archive member included to satisfy reference by file (symbol)

c:/progra~2/gnutoo~1/72018-~1/bin/../lib/gcc/arm-none-eabi/7.3.1/thumb/v7e-m\libgcc.a(_aeabi_uldivmod.o)
                              CMakeFiles/bluetooth.elf.dir/Drivers/STM32F4xx_HAL_Driver/Src/stm32f4xx_hal_rcc.c.obj (__aeabi_uldivmod)
c:/progra~2/gnutoo~1/72018-~1/bin/../lib/gcc/arm-none-eabi/7.3.1/thumb/v7e-m\libgcc.a(_udivmoddi4.o)
                              c:/progra~2/gnutoo~1/72018-~1/bin/../lib/gcc/arm-none-eabi/7.3.1/thumb/v7e-m\libgcc.a(_aeabi_uldivmod.o) (__udivmoddi4)
c:/progra~2/gnutoo~1/72018-~1/bin/../lib/gcc/arm-none-eabi/7.3.1/thumb/v7e-m\libgcc.a(_dvmd_tls.o)
                              c:/progra~2/gnutoo~1/72018-~1/bin/../lib/gcc/arm-none-eabi/7.3.1/thumb/v7e-m\libgcc.a(_aeabi_uldivmod.o) (__aeabi_ldiv0)
c:/progra~2/gnutoo~1/72018-~1/bin/../lib/gcc/arm-none-eabi/7.3.1/../../../../arm-none-eabi/lib/thumb/v7e-m\libg_nano.a(lib_a-exit.o)
                              c:/progra~2/gnutoo~1/72018-~1/bin/../lib/gcc/arm-none-eabi/7.3.1/../../../../arm-none-eabi/lib/thumb/v7e-m/crt0.o (exit)
c:/progra~2/gnutoo~1/72018-~1/bin/../lib/gcc/arm-none-eabi/7.3.1/../../../../arm-none-eabi/lib/thumb/v7e-m\libg_nano.a(lib_a-impure.o)
                              c:/progra~2/gnutoo~1/72018-~1/bin/../lib/gcc/arm-none-eabi/7.3.1/../../../../arm-none-eabi/lib/thumb/v7e-m\libg_nano.a(lib_a-exit.o) (_global_impure_ptr)
c:/progra~2/gnutoo~1/72018-~1/bin/../lib/gcc/arm-none-eabi/7.3.1/../../../../arm-none-eabi/lib/thumb/v7e-m\libg_nano.a(lib_a-init.o)
                              c:/progra~2/gnutoo~1/72018-~1/bin/../lib/gcc/arm-none-eabi/7.3.1/../../../../arm-none-eabi/lib/thumb/v7e-m/crt0.o (__libc_init_array)
c:/progra~2/gnutoo~1/72018-~1/bin/../lib/gcc/arm-none-eabi/7.3.1/../../../../arm-none-eabi/lib/thumb/v7e-m\libg_nano.a(lib_a-memset.o)
                              c:/progra~2/gnutoo~1/72018-~1/bin/../lib/gcc/arm-none-eabi/7.3.1/../../../../arm-none-eabi/lib/thumb/v7e-m/crt0.o (memset)
c:/progra~2/gnutoo~1/72018-~1/bin/../lib/gcc/arm-none-eabi/7.3.1/../../../../arm-none-eabi/lib/thumb/v7e-m\libnosys.a(_exit.o)
                              c:/progra~2/gnutoo~1/72018-~1/bin/../lib/gcc/arm-none-eabi/7.3.1/../../../../arm-none-eabi/lib/thumb/v7e-m\libg_nano.a(lib_a-exit.o) (_exit)

Discarded input sections

 .text          0x00000000        0x0 c:/progra~2/gnutoo~1/72018-~1/bin/../lib/gcc/arm-none-eabi/7.3.1/thumb/v7e-m/crti.o
 .data          0x00000000        0x0 c:/progra~2/gnutoo~1/72018-~1/bin/../lib/gcc/arm-none-eabi/7.3.1/thumb/v7e-m/crti.o
 .bss           0x00000000        0x0 c:/progra~2/gnutoo~1/72018-~1/bin/../lib/gcc/arm-none-eabi/7.3.1/thumb/v7e-m/crti.o
 .data          0x00000000        0x4 c:/progra~2/gnutoo~1/72018-~1/bin/../lib/gcc/arm-none-eabi/7.3.1/thumb/v7e-m/crtbegin.o
 .text          0x00000000       0x74 c:/progra~2/gnutoo~1/72018-~1/bin/../lib/gcc/arm-none-eabi/7.3.1/../../../../arm-none-eabi/lib/thumb/v7e-m/crt0.o
 .data          0x00000000        0x0 c:/progra~2/gnutoo~1/72018-~1/bin/../lib/gcc/arm-none-eabi/7.3.1/../../../../arm-none-eabi/lib/thumb/v7e-m/crt0.o
 .bss           0x00000000        0x0 c:/progra~2/gnutoo~1/72018-~1/bin/../lib/gcc/arm-none-eabi/7.3.1/../../../../arm-none-eabi/lib/thumb/v7e-m/crt0.o
 .ARM.extab     0x00000000        0x0 c:/progra~2/gnutoo~1/72018-~1/bin/../lib/gcc/arm-none-eabi/7.3.1/../../../../arm-none-eabi/lib/thumb/v7e-m/crt0.o
 .ARM.exidx     0x00000000        0x8 c:/progra~2/gnutoo~1/72018-~1/bin/../lib/gcc/arm-none-eabi/7.3.1/../../../../arm-none-eabi/lib/thumb/v7e-m/crt0.o
 .ARM.attributes
                0x00000000       0x1c c:/progra~2/gnutoo~1/72018-~1/bin/../lib/gcc/arm-none-eabi/7.3.1/../../../../arm-none-eabi/lib/thumb/v7e-m/crt0.o
 .text          0x00000000        0x0 CMakeFiles/bluetooth.elf.dir/Drivers/STM32F4xx_HAL_Driver/Src/stm32f4xx_hal.c.obj
 .data          0x00000000        0x0 CMakeFiles/bluetooth.elf.dir/Drivers/STM32F4xx_HAL_Driver/Src/stm32f4xx_hal.c.obj
 .bss           0x00000000        0x0 CMakeFiles/bluetooth.elf.dir/Drivers/STM32F4xx_HAL_Driver/Src/stm32f4xx_hal.c.obj
 .text.HAL_DeInit
                0x00000000       0x58 CMakeFiles/bluetooth.elf.dir/Drivers/STM32F4xx_HAL_Driver/Src/stm32f4xx_hal.c.obj
 .text.HAL_MspInit
                0x00000000        0xc CMakeFiles/bluetooth.elf.dir/Drivers/STM32F4xx_HAL_Driver/Src/stm32f4xx_hal.c.obj
 .text.HAL_MspDeInit
                0x00000000        0xc CMakeFiles/bluetooth.elf.dir/Drivers/STM32F4xx_HAL_Driver/Src/stm32f4xx_hal.c.obj
 .text.HAL_GetTickPrio
                0x00000000       0x14 CMakeFiles/bluetooth.elf.dir/Drivers/STM32F4xx_HAL_Driver/Src/stm32f4xx_hal.c.obj
 .text.HAL_SetTickFreq
                0x00000000       0x40 CMakeFiles/bluetooth.elf.dir/Drivers/STM32F4xx_HAL_Driver/Src/stm32f4xx_hal.c.obj
 .text.HAL_GetTickFreq
                0x00000000       0x14 CMakeFiles/bluetooth.elf.dir/Drivers/STM32F4xx_HAL_Driver/Src/stm32f4xx_hal.c.obj
 .text.HAL_SuspendTick
                0x00000000       0x1c CMakeFiles/bluetooth.elf.dir/Drivers/STM32F4xx_HAL_Driver/Src/stm32f4xx_hal.c.obj
 .text.HAL_ResumeTick
                0x00000000       0x1c CMakeFiles/bluetooth.elf.dir/Drivers/STM32F4xx_HAL_Driver/Src/stm32f4xx_hal.c.obj
 .text.HAL_GetHalVersion
                0x00000000       0x14 CMakeFiles/bluetooth.elf.dir/Drivers/STM32F4xx_HAL_Driver/Src/stm32f4xx_hal.c.obj
 .text.HAL_GetREVID
                0x00000000       0x18 CMakeFiles/bluetooth.elf.dir/Drivers/STM32F4xx_HAL_Driver/Src/stm32f4xx_hal.c.obj
 .text.HAL_GetDEVID
                0x00000000       0x18 CMakeFiles/bluetooth.elf.dir/Drivers/STM32F4xx_HAL_Driver/Src/stm32f4xx_hal.c.obj
 .text.HAL_DBGMCU_EnableDBGSleepMode
                0x00000000       0x1c CMakeFiles/bluetooth.elf.dir/Drivers/STM32F4xx_HAL_Driver/Src/stm32f4xx_hal.c.obj
 .text.HAL_DBGMCU_DisableDBGSleepMode
                0x00000000       0x1c CMakeFiles/bluetooth.elf.dir/Drivers/STM32F4xx_HAL_Driver/Src/stm32f4xx_hal.c.obj
 .text.HAL_DBGMCU_EnableDBGStopMode
                0x00000000       0x1c CMakeFiles/bluetooth.elf.dir/Drivers/STM32F4xx_HAL_Driver/Src/stm32f4xx_hal.c.obj
 .text.HAL_DBGMCU_DisableDBGStopMode
                0x00000000       0x1c CMakeFiles/bluetooth.elf.dir/Drivers/STM32F4xx_HAL_Driver/Src/stm32f4xx_hal.c.obj
 .text.HAL_DBGMCU_EnableDBGStandbyMode
                0x00000000       0x1c CMakeFiles/bluetooth.elf.dir/Drivers/STM32F4xx_HAL_Driver/Src/stm32f4xx_hal.c.obj
 .text.HAL_DBGMCU_DisableDBGStandbyMode
                0x00000000       0x1c CMakeFiles/bluetooth.elf.dir/Drivers/STM32F4xx_HAL_Driver/Src/stm32f4xx_hal.c.obj
 .text.HAL_EnableCompensationCell
                0x00000000       0x18 CMakeFiles/bluetooth.elf.dir/Drivers/STM32F4xx_HAL_Driver/Src/stm32f4xx_hal.c.obj
 .text.HAL_DisableCompensationCell
                0x00000000       0x18 CMakeFiles/bluetooth.elf.dir/Drivers/STM32F4xx_HAL_Driver/Src/stm32f4xx_hal.c.obj
 .text.HAL_GetUID
                0x00000000       0x3c CMakeFiles/bluetooth.elf.dir/Drivers/STM32F4xx_HAL_Driver/Src/stm32f4xx_hal.c.obj
 .text          0x00000000        0x0 CMakeFiles/bluetooth.elf.dir/Drivers/STM32F4xx_HAL_Driver/Src/stm32f4xx_hal_cortex.c.obj
 .data          0x00000000        0x0 CMakeFiles/bluetooth.elf.dir/Drivers/STM32F4xx_HAL_Driver/Src/stm32f4xx_hal_cortex.c.obj
 .bss           0x00000000        0x0 CMakeFiles/bluetooth.elf.dir/Drivers/STM32F4xx_HAL_Driver/Src/stm32f4xx_hal_cortex.c.obj
 .text.NVIC_EnableIRQ
                0x00000000       0x30 CMakeFiles/bluetooth.elf.dir/Drivers/STM32F4xx_HAL_Driver/Src/stm32f4xx_hal_cortex.c.obj
 .text.NVIC_DisableIRQ
                0x00000000       0x34 CMakeFiles/bluetooth.elf.dir/Drivers/STM32F4xx_HAL_Driver/Src/stm32f4xx_hal_cortex.c.obj
 .text.NVIC_GetPendingIRQ
                0x00000000       0x34 CMakeFiles/bluetooth.elf.dir/Drivers/STM32F4xx_HAL_Driver/Src/stm32f4xx_hal_cortex.c.obj
 .text.NVIC_SetPendingIRQ
                0x00000000       0x34 CMakeFiles/bluetooth.elf.dir/Drivers/STM32F4xx_HAL_Driver/Src/stm32f4xx_hal_cortex.c.obj
 .text.NVIC_ClearPendingIRQ
                0x00000000       0x34 CMakeFiles/bluetooth.elf.dir/Drivers/STM32F4xx_HAL_Driver/Src/stm32f4xx_hal_cortex.c.obj
 .text.NVIC_GetActive
                0x00000000       0x34 CMakeFiles/bluetooth.elf.dir/Drivers/STM32F4xx_HAL_Driver/Src/stm32f4xx_hal_cortex.c.obj
 .text.NVIC_GetPriority
                0x00000000       0x4c CMakeFiles/bluetooth.elf.dir/Drivers/STM32F4xx_HAL_Driver/Src/stm32f4xx_hal_cortex.c.obj
 .text.NVIC_DecodePriority
                0x00000000       0x6c CMakeFiles/bluetooth.elf.dir/Drivers/STM32F4xx_HAL_Driver/Src/stm32f4xx_hal_cortex.c.obj
 .text.NVIC_SystemReset
                0x00000000       0x28 CMakeFiles/bluetooth.elf.dir/Drivers/STM32F4xx_HAL_Driver/Src/stm32f4xx_hal_cortex.c.obj
 .text.HAL_NVIC_EnableIRQ
                0x00000000       0x1c CMakeFiles/bluetooth.elf.dir/Drivers/STM32F4xx_HAL_Driver/Src/stm32f4xx_hal_cortex.c.obj
 .text.HAL_NVIC_DisableIRQ
                0x00000000       0x1c CMakeFiles/bluetooth.elf.dir/Drivers/STM32F4xx_HAL_Driver/Src/stm32f4xx_hal_cortex.c.obj
 .text.HAL_NVIC_SystemReset
                0x00000000        0xc CMakeFiles/bluetooth.elf.dir/Drivers/STM32F4xx_HAL_Driver/Src/stm32f4xx_hal_cortex.c.obj
 .text.HAL_MPU_Disable
                0x00000000       0x2c CMakeFiles/bluetooth.elf.dir/Drivers/STM32F4xx_HAL_Driver/Src/stm32f4xx_hal_cortex.c.obj
 .text.HAL_MPU_Enable
                0x00000000       0x38 CMakeFiles/bluetooth.elf.dir/Drivers/STM32F4xx_HAL_Driver/Src/stm32f4xx_hal_cortex.c.obj
 .text.HAL_MPU_ConfigRegion
                0x00000000       0x88 CMakeFiles/bluetooth.elf.dir/Drivers/STM32F4xx_HAL_Driver/Src/stm32f4xx_hal_cortex.c.obj
 .text.HAL_NVIC_GetPriorityGrouping
                0x00000000        0xe CMakeFiles/bluetooth.elf.dir/Drivers/STM32F4xx_HAL_Driver/Src/stm32f4xx_hal_cortex.c.obj
 .text.HAL_NVIC_GetPriority
                0x00000000       0x2c CMakeFiles/bluetooth.elf.dir/Drivers/STM32F4xx_HAL_Driver/Src/stm32f4xx_hal_cortex.c.obj
 .text.HAL_NVIC_SetPendingIRQ
                0x00000000       0x1c CMakeFiles/bluetooth.elf.dir/Drivers/STM32F4xx_HAL_Driver/Src/stm32f4xx_hal_cortex.c.obj
 .text.HAL_NVIC_GetPendingIRQ
                0x00000000       0x1e CMakeFiles/bluetooth.elf.dir/Drivers/STM32F4xx_HAL_Driver/Src/stm32f4xx_hal_cortex.c.obj
 .text.HAL_NVIC_ClearPendingIRQ
                0x00000000       0x1c CMakeFiles/bluetooth.elf.dir/Drivers/STM32F4xx_HAL_Driver/Src/stm32f4xx_hal_cortex.c.obj
 .text.HAL_NVIC_GetActive
                0x00000000       0x1e CMakeFiles/bluetooth.elf.dir/Drivers/STM32F4xx_HAL_Driver/Src/stm32f4xx_hal_cortex.c.obj
 .text          0x00000000        0x0 CMakeFiles/bluetooth.elf.dir/Drivers/STM32F4xx_HAL_Driver/Src/stm32f4xx_hal_dma.c.obj
 .data          0x00000000        0x0 CMakeFiles/bluetooth.elf.dir/Drivers/STM32F4xx_HAL_Driver/Src/stm32f4xx_hal_dma.c.obj
 .bss           0x00000000        0x0 CMakeFiles/bluetooth.elf.dir/Drivers/STM32F4xx_HAL_Driver/Src/stm32f4xx_hal_dma.c.obj
 .text.HAL_DMA_Init
                0x00000000      0x15c CMakeFiles/bluetooth.elf.dir/Drivers/STM32F4xx_HAL_Driver/Src/stm32f4xx_hal_dma.c.obj
 .text.HAL_DMA_DeInit
                0x00000000       0x98 CMakeFiles/bluetooth.elf.dir/Drivers/STM32F4xx_HAL_Driver/Src/stm32f4xx_hal_dma.c.obj
 .text.HAL_DMA_Start
                0x00000000       0x76 CMakeFiles/bluetooth.elf.dir/Drivers/STM32F4xx_HAL_Driver/Src/stm32f4xx_hal_dma.c.obj
 .text.HAL_DMA_Start_IT
                0x00000000       0xc0 CMakeFiles/bluetooth.elf.dir/Drivers/STM32F4xx_HAL_Driver/Src/stm32f4xx_hal_dma.c.obj
 .text.HAL_DMA_Abort
                0x00000000       0xe0 CMakeFiles/bluetooth.elf.dir/Drivers/STM32F4xx_HAL_Driver/Src/stm32f4xx_hal_dma.c.obj
 .text.HAL_DMA_Abort_IT
                0x00000000       0x42 CMakeFiles/bluetooth.elf.dir/Drivers/STM32F4xx_HAL_Driver/Src/stm32f4xx_hal_dma.c.obj
 .text.HAL_DMA_PollForTransfer
                0x00000000      0x1be CMakeFiles/bluetooth.elf.dir/Drivers/STM32F4xx_HAL_Driver/Src/stm32f4xx_hal_dma.c.obj
 .text.HAL_DMA_IRQHandler
                0x00000000      0x314 CMakeFiles/bluetooth.elf.dir/Drivers/STM32F4xx_HAL_Driver/Src/stm32f4xx_hal_dma.c.obj
 .text.HAL_DMA_RegisterCallback
                0x00000000       0xa4 CMakeFiles/bluetooth.elf.dir/Drivers/STM32F4xx_HAL_Driver/Src/stm32f4xx_hal_dma.c.obj
 .text.HAL_DMA_UnRegisterCallback
                0x00000000       0xd4 CMakeFiles/bluetooth.elf.dir/Drivers/STM32F4xx_HAL_Driver/Src/stm32f4xx_hal_dma.c.obj
 .text.HAL_DMA_GetState
                0x00000000       0x1a CMakeFiles/bluetooth.elf.dir/Drivers/STM32F4xx_HAL_Driver/Src/stm32f4xx_hal_dma.c.obj
 .text.HAL_DMA_GetError
                0x00000000       0x16 CMakeFiles/bluetooth.elf.dir/Drivers/STM32F4xx_HAL_Driver/Src/stm32f4xx_hal_dma.c.obj
 .text.DMA_SetConfig
                0x00000000       0x5a CMakeFiles/bluetooth.elf.dir/Drivers/STM32F4xx_HAL_Driver/Src/stm32f4xx_hal_dma.c.obj
 .text.DMA_CalcBaseAndBitshift
                0x00000000       0x68 CMakeFiles/bluetooth.elf.dir/Drivers/STM32F4xx_HAL_Driver/Src/stm32f4xx_hal_dma.c.obj
 .text.DMA_CheckFifoParam
                0x00000000       0xf4 CMakeFiles/bluetooth.elf.dir/Drivers/STM32F4xx_HAL_Driver/Src/stm32f4xx_hal_dma.c.obj
 .rodata.flagBitshiftOffset.7089
                0x00000000        0x8 CMakeFiles/bluetooth.elf.dir/Drivers/STM32F4xx_HAL_Driver/Src/stm32f4xx_hal_dma.c.obj
 .debug_info    0x00000000     0x1113 CMakeFiles/bluetooth.elf.dir/Drivers/STM32F4xx_HAL_Driver/Src/stm32f4xx_hal_dma.c.obj
 .debug_abbrev  0x00000000      0x27b CMakeFiles/bluetooth.elf.dir/Drivers/STM32F4xx_HAL_Driver/Src/stm32f4xx_hal_dma.c.obj
 .debug_aranges
                0x00000000       0x90 CMakeFiles/bluetooth.elf.dir/Drivers/STM32F4xx_HAL_Driver/Src/stm32f4xx_hal_dma.c.obj
 .debug_ranges  0x00000000       0x80 CMakeFiles/bluetooth.elf.dir/Drivers/STM32F4xx_HAL_Driver/Src/stm32f4xx_hal_dma.c.obj
 .debug_line    0x00000000      0x5a3 CMakeFiles/bluetooth.elf.dir/Drivers/STM32F4xx_HAL_Driver/Src/stm32f4xx_hal_dma.c.obj
 .debug_str     0x00000000      0xbf7 CMakeFiles/bluetooth.elf.dir/Drivers/STM32F4xx_HAL_Driver/Src/stm32f4xx_hal_dma.c.obj
 .comment       0x00000000       0x80 CMakeFiles/bluetooth.elf.dir/Drivers/STM32F4xx_HAL_Driver/Src/stm32f4xx_hal_dma.c.obj
 .debug_frame   0x00000000      0x250 CMakeFiles/bluetooth.elf.dir/Drivers/STM32F4xx_HAL_Driver/Src/stm32f4xx_hal_dma.c.obj
 .ARM.attributes
                0x00000000       0x33 CMakeFiles/bluetooth.elf.dir/Drivers/STM32F4xx_HAL_Driver/Src/stm32f4xx_hal_dma.c.obj
 .text          0x00000000        0x0 CMakeFiles/bluetooth.elf.dir/Drivers/STM32F4xx_HAL_Driver/Src/stm32f4xx_hal_dma_ex.c.obj
 .data          0x00000000        0x0 CMakeFiles/bluetooth.elf.dir/Drivers/STM32F4xx_HAL_Driver/Src/stm32f4xx_hal_dma_ex.c.obj
 .bss           0x00000000        0x0 CMakeFiles/bluetooth.elf.dir/Drivers/STM32F4xx_HAL_Driver/Src/stm32f4xx_hal_dma_ex.c.obj
 .text.HAL_DMAEx_MultiBufferStart
                0x00000000       0x96 CMakeFiles/bluetooth.elf.dir/Drivers/STM32F4xx_HAL_Driver/Src/stm32f4xx_hal_dma_ex.c.obj
 .text.HAL_DMAEx_MultiBufferStart_IT
                0x00000000     0x1290 CMakeFiles/bluetooth.elf.dir/Drivers/STM32F4xx_HAL_Driver/Src/stm32f4xx_hal_dma_ex.c.obj
 .text.HAL_DMAEx_ChangeMemory
                0x00000000       0x32 CMakeFiles/bluetooth.elf.dir/Drivers/STM32F4xx_HAL_Driver/Src/stm32f4xx_hal_dma_ex.c.obj
 .text.DMA_MultiBufferSetConfig
                0x00000000       0x4a CMakeFiles/bluetooth.elf.dir/Drivers/STM32F4xx_HAL_Driver/Src/stm32f4xx_hal_dma_ex.c.obj
 .debug_info    0x00000000      0xd7c CMakeFiles/bluetooth.elf.dir/Drivers/STM32F4xx_HAL_Driver/Src/stm32f4xx_hal_dma_ex.c.obj
 .debug_abbrev  0x00000000      0x211 CMakeFiles/bluetooth.elf.dir/Drivers/STM32F4xx_HAL_Driver/Src/stm32f4xx_hal_dma_ex.c.obj
 .debug_aranges
                0x00000000       0x38 CMakeFiles/bluetooth.elf.dir/Drivers/STM32F4xx_HAL_Driver/Src/stm32f4xx_hal_dma_ex.c.obj
 .debug_ranges  0x00000000       0x28 CMakeFiles/bluetooth.elf.dir/Drivers/STM32F4xx_HAL_Driver/Src/stm32f4xx_hal_dma_ex.c.obj
 .debug_line    0x00000000      0xe7c CMakeFiles/bluetooth.elf.dir/Drivers/STM32F4xx_HAL_Driver/Src/stm32f4xx_hal_dma_ex.c.obj
 .debug_str     0x00000000      0x9f8 CMakeFiles/bluetooth.elf.dir/Drivers/STM32F4xx_HAL_Driver/Src/stm32f4xx_hal_dma_ex.c.obj
 .comment       0x00000000       0x80 CMakeFiles/bluetooth.elf.dir/Drivers/STM32F4xx_HAL_Driver/Src/stm32f4xx_hal_dma_ex.c.obj
 .debug_frame   0x00000000       0xac CMakeFiles/bluetooth.elf.dir/Drivers/STM32F4xx_HAL_Driver/Src/stm32f4xx_hal_dma_ex.c.obj
 .ARM.attributes
                0x00000000       0x33 CMakeFiles/bluetooth.elf.dir/Drivers/STM32F4xx_HAL_Driver/Src/stm32f4xx_hal_dma_ex.c.obj
 .text          0x00000000        0x0 CMakeFiles/bluetooth.elf.dir/Drivers/STM32F4xx_HAL_Driver/Src/stm32f4xx_hal_flash.c.obj
 .data          0x00000000        0x0 CMakeFiles/bluetooth.elf.dir/Drivers/STM32F4xx_HAL_Driver/Src/stm32f4xx_hal_flash.c.obj
 .bss           0x00000000        0x0 CMakeFiles/bluetooth.elf.dir/Drivers/STM32F4xx_HAL_Driver/Src/stm32f4xx_hal_flash.c.obj
 .bss.pFlash    0x00000000       0x20 CMakeFiles/bluetooth.elf.dir/Drivers/STM32F4xx_HAL_Driver/Src/stm32f4xx_hal_flash.c.obj
 .text.HAL_FLASH_Program
                0x00000000       0xa8 CMakeFiles/bluetooth.elf.dir/Drivers/STM32F4xx_HAL_Driver/Src/stm32f4xx_hal_flash.c.obj
 .text.HAL_FLASH_Program_IT
                0x00000000       0x9c CMakeFiles/bluetooth.elf.dir/Drivers/STM32F4xx_HAL_Driver/Src/stm32f4xx_hal_flash.c.obj
 .text.HAL_FLASH_IRQHandler
                0x00000000      0x140 CMakeFiles/bluetooth.elf.dir/Drivers/STM32F4xx_HAL_Driver/Src/stm32f4xx_hal_flash.c.obj
 .text.HAL_FLASH_EndOfOperationCallback
                0x00000000       0x12 CMakeFiles/bluetooth.elf.dir/Drivers/STM32F4xx_HAL_Driver/Src/stm32f4xx_hal_flash.c.obj
 .text.HAL_FLASH_OperationErrorCallback
                0x00000000       0x12 CMakeFiles/bluetooth.elf.dir/Drivers/STM32F4xx_HAL_Driver/Src/stm32f4xx_hal_flash.c.obj
 .text.HAL_FLASH_Unlock
                0x00000000       0x44 CMakeFiles/bluetooth.elf.dir/Drivers/STM32F4xx_HAL_Driver/Src/stm32f4xx_hal_flash.c.obj
 .text.HAL_FLASH_Lock
                0x00000000       0x20 CMakeFiles/bluetooth.elf.dir/Drivers/STM32F4xx_HAL_Driver/Src/stm32f4xx_hal_flash.c.obj
 .text.HAL_FLASH_OB_Unlock
                0x00000000       0x38 CMakeFiles/bluetooth.elf.dir/Drivers/STM32F4xx_HAL_Driver/Src/stm32f4xx_hal_flash.c.obj
 .text.HAL_FLASH_OB_Lock
                0x00000000       0x20 CMakeFiles/bluetooth.elf.dir/Drivers/STM32F4xx_HAL_Driver/Src/stm32f4xx_hal_flash.c.obj
 .text.HAL_FLASH_OB_Launch
                0x00000000       0x28 CMakeFiles/bluetooth.elf.dir/Drivers/STM32F4xx_HAL_Driver/Src/stm32f4xx_hal_flash.c.obj
 .text.HAL_FLASH_GetError
                0x00000000       0x14 CMakeFiles/bluetooth.elf.dir/Drivers/STM32F4xx_HAL_Driver/Src/stm32f4xx_hal_flash.c.obj
 .text.FLASH_WaitForLastOperation
                0x00000000       0x80 CMakeFiles/bluetooth.elf.dir/Drivers/STM32F4xx_HAL_Driver/Src/stm32f4xx_hal_flash.c.obj
 .text.FLASH_Program_DoubleWord
                0x00000000       0x5c CMakeFiles/bluetooth.elf.dir/Drivers/STM32F4xx_HAL_Driver/Src/stm32f4xx_hal_flash.c.obj
 .text.FLASH_Program_Word
                0x00000000       0x44 CMakeFiles/bluetooth.elf.dir/Drivers/STM32F4xx_HAL_Driver/Src/stm32f4xx_hal_flash.c.obj
 .text.FLASH_Program_HalfWord
                0x00000000       0x44 CMakeFiles/bluetooth.elf.dir/Drivers/STM32F4xx_HAL_Driver/Src/stm32f4xx_hal_flash.c.obj
 .text.FLASH_Program_Byte
                0x00000000       0x40 CMakeFiles/bluetooth.elf.dir/Drivers/STM32F4xx_HAL_Driver/Src/stm32f4xx_hal_flash.c.obj
 .text.FLASH_SetErrorCode
                0x00000000       0xcc CMakeFiles/bluetooth.elf.dir/Drivers/STM32F4xx_HAL_Driver/Src/stm32f4xx_hal_flash.c.obj
 .debug_info    0x00000000      0xdba CMakeFiles/bluetooth.elf.dir/Drivers/STM32F4xx_HAL_Driver/Src/stm32f4xx_hal_flash.c.obj
 .debug_abbrev  0x00000000      0x2e1 CMakeFiles/bluetooth.elf.dir/Drivers/STM32F4xx_HAL_Driver/Src/stm32f4xx_hal_flash.c.obj
 .debug_aranges
                0x00000000       0xa0 CMakeFiles/bluetooth.elf.dir/Drivers/STM32F4xx_HAL_Driver/Src/stm32f4xx_hal_flash.c.obj
 .debug_ranges  0x00000000       0x90 CMakeFiles/bluetooth.elf.dir/Drivers/STM32F4xx_HAL_Driver/Src/stm32f4xx_hal_flash.c.obj
 .debug_line    0x00000000      0x4b8 CMakeFiles/bluetooth.elf.dir/Drivers/STM32F4xx_HAL_Driver/Src/stm32f4xx_hal_flash.c.obj
 .debug_str     0x00000000      0x9b0 CMakeFiles/bluetooth.elf.dir/Drivers/STM32F4xx_HAL_Driver/Src/stm32f4xx_hal_flash.c.obj
 .comment       0x00000000       0x80 CMakeFiles/bluetooth.elf.dir/Drivers/STM32F4xx_HAL_Driver/Src/stm32f4xx_hal_flash.c.obj
 .debug_frame   0x00000000      0x274 CMakeFiles/bluetooth.elf.dir/Drivers/STM32F4xx_HAL_Driver/Src/stm32f4xx_hal_flash.c.obj
 .ARM.attributes
                0x00000000       0x33 CMakeFiles/bluetooth.elf.dir/Drivers/STM32F4xx_HAL_Driver/Src/stm32f4xx_hal_flash.c.obj
 .text          0x00000000        0x0 CMakeFiles/bluetooth.elf.dir/Drivers/STM32F4xx_HAL_Driver/Src/stm32f4xx_hal_flash_ex.c.obj
 .data          0x00000000        0x0 CMakeFiles/bluetooth.elf.dir/Drivers/STM32F4xx_HAL_Driver/Src/stm32f4xx_hal_flash_ex.c.obj
 .bss           0x00000000        0x0 CMakeFiles/bluetooth.elf.dir/Drivers/STM32F4xx_HAL_Driver/Src/stm32f4xx_hal_flash_ex.c.obj
 .text.HAL_FLASHEx_Erase
                0x00000000       0xe0 CMakeFiles/bluetooth.elf.dir/Drivers/STM32F4xx_HAL_Driver/Src/stm32f4xx_hal_flash_ex.c.obj
 .text.HAL_FLASHEx_Erase_IT
                0x00000000       0xac CMakeFiles/bluetooth.elf.dir/Drivers/STM32F4xx_HAL_Driver/Src/stm32f4xx_hal_flash_ex.c.obj
 .text.HAL_FLASHEx_OBProgram
                0x00000000       0xdc CMakeFiles/bluetooth.elf.dir/Drivers/STM32F4xx_HAL_Driver/Src/stm32f4xx_hal_flash_ex.c.obj
 .text.HAL_FLASHEx_OBGetConfig
                0x00000000       0x46 CMakeFiles/bluetooth.elf.dir/Drivers/STM32F4xx_HAL_Driver/Src/stm32f4xx_hal_flash_ex.c.obj
 .text.HAL_FLASHEx_AdvOBProgram
                0x00000000       0x48 CMakeFiles/bluetooth.elf.dir/Drivers/STM32F4xx_HAL_Driver/Src/stm32f4xx_hal_flash_ex.c.obj
 .text.HAL_FLASHEx_AdvOBGetConfig
                0x00000000       0x20 CMakeFiles/bluetooth.elf.dir/Drivers/STM32F4xx_HAL_Driver/Src/stm32f4xx_hal_flash_ex.c.obj
 .text.HAL_FLASHEx_OB_SelectPCROP
                0x00000000       0x34 CMakeFiles/bluetooth.elf.dir/Drivers/STM32F4xx_HAL_Driver/Src/stm32f4xx_hal_flash_ex.c.obj
 .text.HAL_FLASHEx_OB_DeSelectPCROP
                0x00000000       0x2c CMakeFiles/bluetooth.elf.dir/Drivers/STM32F4xx_HAL_Driver/Src/stm32f4xx_hal_flash_ex.c.obj
 .text.FLASH_MassErase
                0x00000000       0x44 CMakeFiles/bluetooth.elf.dir/Drivers/STM32F4xx_HAL_Driver/Src/stm32f4xx_hal_flash_ex.c.obj
 .text.FLASH_Erase_Sector
                0x00000000       0x90 CMakeFiles/bluetooth.elf.dir/Drivers/STM32F4xx_HAL_Driver/Src/stm32f4xx_hal_flash_ex.c.obj
 .text.FLASH_OB_EnableWRP
                0x00000000       0x44 CMakeFiles/bluetooth.elf.dir/Drivers/STM32F4xx_HAL_Driver/Src/stm32f4xx_hal_flash_ex.c.obj
 .text.FLASH_OB_DisableWRP
                0x00000000       0x40 CMakeFiles/bluetooth.elf.dir/Drivers/STM32F4xx_HAL_Driver/Src/stm32f4xx_hal_flash_ex.c.obj
 .text.FLASH_OB_EnablePCROP
                0x00000000       0x40 CMakeFiles/bluetooth.elf.dir/Drivers/STM32F4xx_HAL_Driver/Src/stm32f4xx_hal_flash_ex.c.obj
 .text.FLASH_OB_DisablePCROP
                0x00000000       0x44 CMakeFiles/bluetooth.elf.dir/Drivers/STM32F4xx_HAL_Driver/Src/stm32f4xx_hal_flash_ex.c.obj
 .text.FLASH_OB_RDP_LevelConfig
                0x00000000       0x34 CMakeFiles/bluetooth.elf.dir/Drivers/STM32F4xx_HAL_Driver/Src/stm32f4xx_hal_flash_ex.c.obj
 .text.FLASH_OB_UserConfig
                0x00000000       0x60 CMakeFiles/bluetooth.elf.dir/Drivers/STM32F4xx_HAL_Driver/Src/stm32f4xx_hal_flash_ex.c.obj
 .text.FLASH_OB_BOR_LevelConfig
                0x00000000       0x3c CMakeFiles/bluetooth.elf.dir/Drivers/STM32F4xx_HAL_Driver/Src/stm32f4xx_hal_flash_ex.c.obj
 .text.FLASH_OB_GetUser
                0x00000000       0x1c CMakeFiles/bluetooth.elf.dir/Drivers/STM32F4xx_HAL_Driver/Src/stm32f4xx_hal_flash_ex.c.obj
 .text.FLASH_OB_GetWRP
                0x00000000       0x18 CMakeFiles/bluetooth.elf.dir/Drivers/STM32F4xx_HAL_Driver/Src/stm32f4xx_hal_flash_ex.c.obj
 .text.FLASH_OB_GetRDP
                0x00000000       0x40 CMakeFiles/bluetooth.elf.dir/Drivers/STM32F4xx_HAL_Driver/Src/stm32f4xx_hal_flash_ex.c.obj
 .text.FLASH_OB_GetBOR
                0x00000000       0x1c CMakeFiles/bluetooth.elf.dir/Drivers/STM32F4xx_HAL_Driver/Src/stm32f4xx_hal_flash_ex.c.obj
 .text.FLASH_FlushCaches
                0x00000000       0x88 CMakeFiles/bluetooth.elf.dir/Drivers/STM32F4xx_HAL_Driver/Src/stm32f4xx_hal_flash_ex.c.obj
 .debug_info    0x00000000     0x1039 CMakeFiles/bluetooth.elf.dir/Drivers/STM32F4xx_HAL_Driver/Src/stm32f4xx_hal_flash_ex.c.obj
 .debug_abbrev  0x00000000      0x2d0 CMakeFiles/bluetooth.elf.dir/Drivers/STM32F4xx_HAL_Driver/Src/stm32f4xx_hal_flash_ex.c.obj
 .debug_aranges
                0x00000000       0xc8 CMakeFiles/bluetooth.elf.dir/Drivers/STM32F4xx_HAL_Driver/Src/stm32f4xx_hal_flash_ex.c.obj
 .debug_ranges  0x00000000       0xb8 CMakeFiles/bluetooth.elf.dir/Drivers/STM32F4xx_HAL_Driver/Src/stm32f4xx_hal_flash_ex.c.obj
 .debug_line    0x00000000      0x54f CMakeFiles/bluetooth.elf.dir/Drivers/STM32F4xx_HAL_Driver/Src/stm32f4xx_hal_flash_ex.c.obj
 .debug_str     0x00000000      0xaef CMakeFiles/bluetooth.elf.dir/Drivers/STM32F4xx_HAL_Driver/Src/stm32f4xx_hal_flash_ex.c.obj
 .comment       0x00000000       0x80 CMakeFiles/bluetooth.elf.dir/Drivers/STM32F4xx_HAL_Driver/Src/stm32f4xx_hal_flash_ex.c.obj
 .debug_frame   0x00000000      0x334 CMakeFiles/bluetooth.elf.dir/Drivers/STM32F4xx_HAL_Driver/Src/stm32f4xx_hal_flash_ex.c.obj
 .ARM.attributes
                0x00000000       0x33 CMakeFiles/bluetooth.elf.dir/Drivers/STM32F4xx_HAL_Driver/Src/stm32f4xx_hal_flash_ex.c.obj
 .text          0x00000000        0x0 CMakeFiles/bluetooth.elf.dir/Drivers/STM32F4xx_HAL_Driver/Src/stm32f4xx_hal_flash_ramfunc.c.obj
 .data          0x00000000        0x0 CMakeFiles/bluetooth.elf.dir/Drivers/STM32F4xx_HAL_Driver/Src/stm32f4xx_hal_flash_ramfunc.c.obj
 .bss           0x00000000        0x0 CMakeFiles/bluetooth.elf.dir/Drivers/STM32F4xx_HAL_Driver/Src/stm32f4xx_hal_flash_ramfunc.c.obj
 .RamFunc       0x00000000      0x110 CMakeFiles/bluetooth.elf.dir/Drivers/STM32F4xx_HAL_Driver/Src/stm32f4xx_hal_flash_ramfunc.c.obj
 .debug_info    0x00000000      0xc1f CMakeFiles/bluetooth.elf.dir/Drivers/STM32F4xx_HAL_Driver/Src/stm32f4xx_hal_flash_ramfunc.c.obj
 .debug_abbrev  0x00000000      0x1d5 CMakeFiles/bluetooth.elf.dir/Drivers/STM32F4xx_HAL_Driver/Src/stm32f4xx_hal_flash_ramfunc.c.obj
 .debug_aranges
                0x00000000       0x38 CMakeFiles/bluetooth.elf.dir/Drivers/STM32F4xx_HAL_Driver/Src/stm32f4xx_hal_flash_ramfunc.c.obj
 .debug_ranges  0x00000000       0x28 CMakeFiles/bluetooth.elf.dir/Drivers/STM32F4xx_HAL_Driver/Src/stm32f4xx_hal_flash_ramfunc.c.obj
 .debug_line    0x00000000      0x2dd CMakeFiles/bluetooth.elf.dir/Drivers/STM32F4xx_HAL_Driver/Src/stm32f4xx_hal_flash_ramfunc.c.obj
 .debug_str     0x00000000      0x85e CMakeFiles/bluetooth.elf.dir/Drivers/STM32F4xx_HAL_Driver/Src/stm32f4xx_hal_flash_ramfunc.c.obj
 .comment       0x00000000       0x80 CMakeFiles/bluetooth.elf.dir/Drivers/STM32F4xx_HAL_Driver/Src/stm32f4xx_hal_flash_ramfunc.c.obj
 .debug_frame   0x00000000       0xb0 CMakeFiles/bluetooth.elf.dir/Drivers/STM32F4xx_HAL_Driver/Src/stm32f4xx_hal_flash_ramfunc.c.obj
 .ARM.attributes
                0x00000000       0x33 CMakeFiles/bluetooth.elf.dir/Drivers/STM32F4xx_HAL_Driver/Src/stm32f4xx_hal_flash_ramfunc.c.obj
 .text          0x00000000        0x0 CMakeFiles/bluetooth.elf.dir/Drivers/STM32F4xx_HAL_Driver/Src/stm32f4xx_hal_gpio.c.obj
 .data          0x00000000        0x0 CMakeFiles/bluetooth.elf.dir/Drivers/STM32F4xx_HAL_Driver/Src/stm32f4xx_hal_gpio.c.obj
 .bss           0x00000000        0x0 CMakeFiles/bluetooth.elf.dir/Drivers/STM32F4xx_HAL_Driver/Src/stm32f4xx_hal_gpio.c.obj
 .text.HAL_GPIO_DeInit
                0x00000000      0x1c4 CMakeFiles/bluetooth.elf.dir/Drivers/STM32F4xx_HAL_Driver/Src/stm32f4xx_hal_gpio.c.obj
 .text.HAL_GPIO_ReadPin
                0x00000000       0x2e CMakeFiles/bluetooth.elf.dir/Drivers/STM32F4xx_HAL_Driver/Src/stm32f4xx_hal_gpio.c.obj
 .text.HAL_GPIO_TogglePin
                0x00000000       0x22 CMakeFiles/bluetooth.elf.dir/Drivers/STM32F4xx_HAL_Driver/Src/stm32f4xx_hal_gpio.c.obj
 .text.HAL_GPIO_LockPin
                0x00000000       0x4e CMakeFiles/bluetooth.elf.dir/Drivers/STM32F4xx_HAL_Driver/Src/stm32f4xx_hal_gpio.c.obj
 .text.HAL_GPIO_EXTI_IRQHandler
                0x00000000       0x30 CMakeFiles/bluetooth.elf.dir/Drivers/STM32F4xx_HAL_Driver/Src/stm32f4xx_hal_gpio.c.obj
 .text.HAL_GPIO_EXTI_Callback
                0x00000000       0x14 CMakeFiles/bluetooth.elf.dir/Drivers/STM32F4xx_HAL_Driver/Src/stm32f4xx_hal_gpio.c.obj
 .text          0x00000000        0x0 CMakeFiles/bluetooth.elf.dir/Drivers/STM32F4xx_HAL_Driver/Src/stm32f4xx_hal_pwr.c.obj
 .data          0x00000000        0x0 CMakeFiles/bluetooth.elf.dir/Drivers/STM32F4xx_HAL_Driver/Src/stm32f4xx_hal_pwr.c.obj
 .bss           0x00000000        0x0 CMakeFiles/bluetooth.elf.dir/Drivers/STM32F4xx_HAL_Driver/Src/stm32f4xx_hal_pwr.c.obj
 .text.HAL_PWR_DeInit
                0x00000000       0x28 CMakeFiles/bluetooth.elf.dir/Drivers/STM32F4xx_HAL_Driver/Src/stm32f4xx_hal_pwr.c.obj
 .text.HAL_PWR_EnableBkUpAccess
                0x00000000       0x18 CMakeFiles/bluetooth.elf.dir/Drivers/STM32F4xx_HAL_Driver/Src/stm32f4xx_hal_pwr.c.obj
 .text.HAL_PWR_DisableBkUpAccess
                0x00000000       0x18 CMakeFiles/bluetooth.elf.dir/Drivers/STM32F4xx_HAL_Driver/Src/stm32f4xx_hal_pwr.c.obj
 .text.HAL_PWR_ConfigPVD
                0x00000000       0xbc CMakeFiles/bluetooth.elf.dir/Drivers/STM32F4xx_HAL_Driver/Src/stm32f4xx_hal_pwr.c.obj
 .text.HAL_PWR_EnablePVD
                0x00000000       0x18 CMakeFiles/bluetooth.elf.dir/Drivers/STM32F4xx_HAL_Driver/Src/stm32f4xx_hal_pwr.c.obj
 .text.HAL_PWR_DisablePVD
                0x00000000       0x18 CMakeFiles/bluetooth.elf.dir/Drivers/STM32F4xx_HAL_Driver/Src/stm32f4xx_hal_pwr.c.obj
 .text.HAL_PWR_EnableWakeUpPin
                0x00000000       0x24 CMakeFiles/bluetooth.elf.dir/Drivers/STM32F4xx_HAL_Driver/Src/stm32f4xx_hal_pwr.c.obj
 .text.HAL_PWR_DisableWakeUpPin
                0x00000000       0x24 CMakeFiles/bluetooth.elf.dir/Drivers/STM32F4xx_HAL_Driver/Src/stm32f4xx_hal_pwr.c.obj
 .text.HAL_PWR_EnterSLEEPMode
                0x00000000       0x38 CMakeFiles/bluetooth.elf.dir/Drivers/STM32F4xx_HAL_Driver/Src/stm32f4xx_hal_pwr.c.obj
 .text.HAL_PWR_EnterSTOPMode
                0x00000000       0x58 CMakeFiles/bluetooth.elf.dir/Drivers/STM32F4xx_HAL_Driver/Src/stm32f4xx_hal_pwr.c.obj
 .text.HAL_PWR_EnterSTANDBYMode
                0x00000000       0x30 CMakeFiles/bluetooth.elf.dir/Drivers/STM32F4xx_HAL_Driver/Src/stm32f4xx_hal_pwr.c.obj
 .text.HAL_PWR_PVD_IRQHandler
                0x00000000       0x24 CMakeFiles/bluetooth.elf.dir/Drivers/STM32F4xx_HAL_Driver/Src/stm32f4xx_hal_pwr.c.obj
 .text.HAL_PWR_PVDCallback
                0x00000000        0xc CMakeFiles/bluetooth.elf.dir/Drivers/STM32F4xx_HAL_Driver/Src/stm32f4xx_hal_pwr.c.obj
 .text.HAL_PWR_EnableSleepOnExit
                0x00000000       0x1c CMakeFiles/bluetooth.elf.dir/Drivers/STM32F4xx_HAL_Driver/Src/stm32f4xx_hal_pwr.c.obj
 .text.HAL_PWR_DisableSleepOnExit
                0x00000000       0x1c CMakeFiles/bluetooth.elf.dir/Drivers/STM32F4xx_HAL_Driver/Src/stm32f4xx_hal_pwr.c.obj
 .text.HAL_PWR_EnableSEVOnPend
                0x00000000       0x1c CMakeFiles/bluetooth.elf.dir/Drivers/STM32F4xx_HAL_Driver/Src/stm32f4xx_hal_pwr.c.obj
 .text.HAL_PWR_DisableSEVOnPend
                0x00000000       0x1c CMakeFiles/bluetooth.elf.dir/Drivers/STM32F4xx_HAL_Driver/Src/stm32f4xx_hal_pwr.c.obj
 .debug_info    0x00000000      0xff6 CMakeFiles/bluetooth.elf.dir/Drivers/STM32F4xx_HAL_Driver/Src/stm32f4xx_hal_pwr.c.obj
 .debug_abbrev  0x00000000      0x21f CMakeFiles/bluetooth.elf.dir/Drivers/STM32F4xx_HAL_Driver/Src/stm32f4xx_hal_pwr.c.obj
 .debug_aranges
                0x00000000       0xa0 CMakeFiles/bluetooth.elf.dir/Drivers/STM32F4xx_HAL_Driver/Src/stm32f4xx_hal_pwr.c.obj
 .debug_ranges  0x00000000       0x90 CMakeFiles/bluetooth.elf.dir/Drivers/STM32F4xx_HAL_Driver/Src/stm32f4xx_hal_pwr.c.obj
 .debug_line    0x00000000      0x439 CMakeFiles/bluetooth.elf.dir/Drivers/STM32F4xx_HAL_Driver/Src/stm32f4xx_hal_pwr.c.obj
 .debug_str     0x00000000      0x9f8 CMakeFiles/bluetooth.elf.dir/Drivers/STM32F4xx_HAL_Driver/Src/stm32f4xx_hal_pwr.c.obj
 .comment       0x00000000       0x80 CMakeFiles/bluetooth.elf.dir/Drivers/STM32F4xx_HAL_Driver/Src/stm32f4xx_hal_pwr.c.obj
 .debug_frame   0x00000000      0x254 CMakeFiles/bluetooth.elf.dir/Drivers/STM32F4xx_HAL_Driver/Src/stm32f4xx_hal_pwr.c.obj
 .ARM.attributes
                0x00000000       0x33 CMakeFiles/bluetooth.elf.dir/Drivers/STM32F4xx_HAL_Driver/Src/stm32f4xx_hal_pwr.c.obj
 .text          0x00000000        0x0 CMakeFiles/bluetooth.elf.dir/Drivers/STM32F4xx_HAL_Driver/Src/stm32f4xx_hal_pwr_ex.c.obj
 .data          0x00000000        0x0 CMakeFiles/bluetooth.elf.dir/Drivers/STM32F4xx_HAL_Driver/Src/stm32f4xx_hal_pwr_ex.c.obj
 .bss           0x00000000        0x0 CMakeFiles/bluetooth.elf.dir/Drivers/STM32F4xx_HAL_Driver/Src/stm32f4xx_hal_pwr_ex.c.obj
 .text.HAL_PWREx_EnableBkUpReg
                0x00000000       0x4c CMakeFiles/bluetooth.elf.dir/Drivers/STM32F4xx_HAL_Driver/Src/stm32f4xx_hal_pwr_ex.c.obj
 .text.HAL_PWREx_DisableBkUpReg
                0x00000000       0x4c CMakeFiles/bluetooth.elf.dir/Drivers/STM32F4xx_HAL_Driver/Src/stm32f4xx_hal_pwr_ex.c.obj
 .text.HAL_PWREx_EnableFlashPowerDown
                0x00000000       0x18 CMakeFiles/bluetooth.elf.dir/Drivers/STM32F4xx_HAL_Driver/Src/stm32f4xx_hal_pwr_ex.c.obj
 .text.HAL_PWREx_DisableFlashPowerDown
                0x00000000       0x18 CMakeFiles/bluetooth.elf.dir/Drivers/STM32F4xx_HAL_Driver/Src/stm32f4xx_hal_pwr_ex.c.obj
 .text.HAL_PWREx_GetVoltageRange
                0x00000000       0x18 CMakeFiles/bluetooth.elf.dir/Drivers/STM32F4xx_HAL_Driver/Src/stm32f4xx_hal_pwr_ex.c.obj
 .text.HAL_PWREx_ControlVoltageScaling
                0x00000000       0xf4 CMakeFiles/bluetooth.elf.dir/Drivers/STM32F4xx_HAL_Driver/Src/stm32f4xx_hal_pwr_ex.c.obj
 .text.HAL_PWREx_EnableMainRegulatorLowVoltage
                0x00000000       0x18 CMakeFiles/bluetooth.elf.dir/Drivers/STM32F4xx_HAL_Driver/Src/stm32f4xx_hal_pwr_ex.c.obj
 .text.HAL_PWREx_DisableMainRegulatorLowVoltage
                0x00000000       0x18 CMakeFiles/bluetooth.elf.dir/Drivers/STM32F4xx_HAL_Driver/Src/stm32f4xx_hal_pwr_ex.c.obj
 .text.HAL_PWREx_EnableLowRegulatorLowVoltage
                0x00000000       0x18 CMakeFiles/bluetooth.elf.dir/Drivers/STM32F4xx_HAL_Driver/Src/stm32f4xx_hal_pwr_ex.c.obj
 .text.HAL_PWREx_DisableLowRegulatorLowVoltage
                0x00000000       0x18 CMakeFiles/bluetooth.elf.dir/Drivers/STM32F4xx_HAL_Driver/Src/stm32f4xx_hal_pwr_ex.c.obj
 .debug_info    0x00000000      0xcc9 CMakeFiles/bluetooth.elf.dir/Drivers/STM32F4xx_HAL_Driver/Src/stm32f4xx_hal_pwr_ex.c.obj
 .debug_abbrev  0x00000000      0x26d CMakeFiles/bluetooth.elf.dir/Drivers/STM32F4xx_HAL_Driver/Src/stm32f4xx_hal_pwr_ex.c.obj
 .debug_aranges
                0x00000000       0x68 CMakeFiles/bluetooth.elf.dir/Drivers/STM32F4xx_HAL_Driver/Src/stm32f4xx_hal_pwr_ex.c.obj
 .debug_ranges  0x00000000       0x58 CMakeFiles/bluetooth.elf.dir/Drivers/STM32F4xx_HAL_Driver/Src/stm32f4xx_hal_pwr_ex.c.obj
 .debug_line    0x00000000      0x39a CMakeFiles/bluetooth.elf.dir/Drivers/STM32F4xx_HAL_Driver/Src/stm32f4xx_hal_pwr_ex.c.obj
 .debug_str     0x00000000      0x947 CMakeFiles/bluetooth.elf.dir/Drivers/STM32F4xx_HAL_Driver/Src/stm32f4xx_hal_pwr_ex.c.obj
 .comment       0x00000000       0x80 CMakeFiles/bluetooth.elf.dir/Drivers/STM32F4xx_HAL_Driver/Src/stm32f4xx_hal_pwr_ex.c.obj
 .debug_frame   0x00000000      0x15c CMakeFiles/bluetooth.elf.dir/Drivers/STM32F4xx_HAL_Driver/Src/stm32f4xx_hal_pwr_ex.c.obj
 .ARM.attributes
                0x00000000       0x33 CMakeFiles/bluetooth.elf.dir/Drivers/STM32F4xx_HAL_Driver/Src/stm32f4xx_hal_pwr_ex.c.obj
 .text          0x00000000        0x0 CMakeFiles/bluetooth.elf.dir/Drivers/STM32F4xx_HAL_Driver/Src/stm32f4xx_hal_rcc.c.obj
 .data          0x00000000        0x0 CMakeFiles/bluetooth.elf.dir/Drivers/STM32F4xx_HAL_Driver/Src/stm32f4xx_hal_rcc.c.obj
 .bss           0x00000000        0x0 CMakeFiles/bluetooth.elf.dir/Drivers/STM32F4xx_HAL_Driver/Src/stm32f4xx_hal_rcc.c.obj
 .text.HAL_RCC_DeInit
                0x00000000        0xe CMakeFiles/bluetooth.elf.dir/Drivers/STM32F4xx_HAL_Driver/Src/stm32f4xx_hal_rcc.c.obj
 .text.HAL_RCC_MCOConfig
                0x00000000       0xd0 CMakeFiles/bluetooth.elf.dir/Drivers/STM32F4xx_HAL_Driver/Src/stm32f4xx_hal_rcc.c.obj
 .text.HAL_RCC_EnableCSS
                0x00000000       0x18 CMakeFiles/bluetooth.elf.dir/Drivers/STM32F4xx_HAL_Driver/Src/stm32f4xx_hal_rcc.c.obj
 .text.HAL_RCC_DisableCSS
                0x00000000       0x18 CMakeFiles/bluetooth.elf.dir/Drivers/STM32F4xx_HAL_Driver/Src/stm32f4xx_hal_rcc.c.obj
 .text.HAL_RCC_GetOscConfig
                0x00000000      0x128 CMakeFiles/bluetooth.elf.dir/Drivers/STM32F4xx_HAL_Driver/Src/stm32f4xx_hal_rcc.c.obj
 .text.HAL_RCC_GetClockConfig
                0x00000000       0x60 CMakeFiles/bluetooth.elf.dir/Drivers/STM32F4xx_HAL_Driver/Src/stm32f4xx_hal_rcc.c.obj
 .text.HAL_RCC_NMI_IRQHandler
                0x00000000       0x28 CMakeFiles/bluetooth.elf.dir/Drivers/STM32F4xx_HAL_Driver/Src/stm32f4xx_hal_rcc.c.obj
 .text.HAL_RCC_CSSCallback
                0x00000000        0xc CMakeFiles/bluetooth.elf.dir/Drivers/STM32F4xx_HAL_Driver/Src/stm32f4xx_hal_rcc.c.obj
 .text          0x00000000        0x0 CMakeFiles/bluetooth.elf.dir/Drivers/STM32F4xx_HAL_Driver/Src/stm32f4xx_hal_rcc_ex.c.obj
 .data          0x00000000        0x0 CMakeFiles/bluetooth.elf.dir/Drivers/STM32F4xx_HAL_Driver/Src/stm32f4xx_hal_rcc_ex.c.obj
 .bss           0x00000000        0x0 CMakeFiles/bluetooth.elf.dir/Drivers/STM32F4xx_HAL_Driver/Src/stm32f4xx_hal_rcc_ex.c.obj
 .text.HAL_RCCEx_PeriphCLKConfig
                0x00000000      0x1e0 CMakeFiles/bluetooth.elf.dir/Drivers/STM32F4xx_HAL_Driver/Src/stm32f4xx_hal_rcc_ex.c.obj
 .text.HAL_RCCEx_GetPeriphCLKConfig
                0x00000000       0x80 CMakeFiles/bluetooth.elf.dir/Drivers/STM32F4xx_HAL_Driver/Src/stm32f4xx_hal_rcc_ex.c.obj
 .text.HAL_RCCEx_GetPeriphCLKFreq
                0x00000000       0xbc CMakeFiles/bluetooth.elf.dir/Drivers/STM32F4xx_HAL_Driver/Src/stm32f4xx_hal_rcc_ex.c.obj
 .text.HAL_RCCEx_SelectLSEMode
                0x00000000       0x38 CMakeFiles/bluetooth.elf.dir/Drivers/STM32F4xx_HAL_Driver/Src/stm32f4xx_hal_rcc_ex.c.obj
 .text.HAL_RCCEx_EnablePLLI2S
                0x00000000       0x8c CMakeFiles/bluetooth.elf.dir/Drivers/STM32F4xx_HAL_Driver/Src/stm32f4xx_hal_rcc_ex.c.obj
 .text.HAL_RCCEx_DisablePLLI2S
                0x00000000       0x44 CMakeFiles/bluetooth.elf.dir/Drivers/STM32F4xx_HAL_Driver/Src/stm32f4xx_hal_rcc_ex.c.obj
 .text.HAL_RCC_DeInit
                0x00000000      0x194 CMakeFiles/bluetooth.elf.dir/Drivers/STM32F4xx_HAL_Driver/Src/stm32f4xx_hal_rcc_ex.c.obj
 .debug_info    0x00000000      0xdcd CMakeFiles/bluetooth.elf.dir/Drivers/STM32F4xx_HAL_Driver/Src/stm32f4xx_hal_rcc_ex.c.obj
 .debug_abbrev  0x00000000      0x223 CMakeFiles/bluetooth.elf.dir/Drivers/STM32F4xx_HAL_Driver/Src/stm32f4xx_hal_rcc_ex.c.obj
 .debug_aranges
                0x00000000       0x50 CMakeFiles/bluetooth.elf.dir/Drivers/STM32F4xx_HAL_Driver/Src/stm32f4xx_hal_rcc_ex.c.obj
 .debug_ranges  0x00000000       0x40 CMakeFiles/bluetooth.elf.dir/Drivers/STM32F4xx_HAL_Driver/Src/stm32f4xx_hal_rcc_ex.c.obj
 .debug_line    0x00000000      0x41a CMakeFiles/bluetooth.elf.dir/Drivers/STM32F4xx_HAL_Driver/Src/stm32f4xx_hal_rcc_ex.c.obj
 .debug_str     0x00000000      0x978 CMakeFiles/bluetooth.elf.dir/Drivers/STM32F4xx_HAL_Driver/Src/stm32f4xx_hal_rcc_ex.c.obj
 .comment       0x00000000       0x80 CMakeFiles/bluetooth.elf.dir/Drivers/STM32F4xx_HAL_Driver/Src/stm32f4xx_hal_rcc_ex.c.obj
 .debug_frame   0x00000000      0x118 CMakeFiles/bluetooth.elf.dir/Drivers/STM32F4xx_HAL_Driver/Src/stm32f4xx_hal_rcc_ex.c.obj
 .ARM.attributes
                0x00000000       0x33 CMakeFiles/bluetooth.elf.dir/Drivers/STM32F4xx_HAL_Driver/Src/stm32f4xx_hal_rcc_ex.c.obj
 .text          0x00000000        0x0 CMakeFiles/bluetooth.elf.dir/Drivers/STM32F4xx_HAL_Driver/Src/stm32f4xx_hal_tim.c.obj
 .data          0x00000000        0x0 CMakeFiles/bluetooth.elf.dir/Drivers/STM32F4xx_HAL_Driver/Src/stm32f4xx_hal_tim.c.obj
 .bss           0x00000000        0x0 CMakeFiles/bluetooth.elf.dir/Drivers/STM32F4xx_HAL_Driver/Src/stm32f4xx_hal_tim.c.obj
 .debug_info    0x00000000      0x919 CMakeFiles/bluetooth.elf.dir/Drivers/STM32F4xx_HAL_Driver/Src/stm32f4xx_hal_tim.c.obj
 .debug_abbrev  0x00000000      0x15c CMakeFiles/bluetooth.elf.dir/Drivers/STM32F4xx_HAL_Driver/Src/stm32f4xx_hal_tim.c.obj
 .debug_aranges
                0x00000000       0x18 CMakeFiles/bluetooth.elf.dir/Drivers/STM32F4xx_HAL_Driver/Src/stm32f4xx_hal_tim.c.obj
 .debug_line    0x00000000      0x1d7 CMakeFiles/bluetooth.elf.dir/Drivers/STM32F4xx_HAL_Driver/Src/stm32f4xx_hal_tim.c.obj
 .debug_str     0x00000000      0x673 CMakeFiles/bluetooth.elf.dir/Drivers/STM32F4xx_HAL_Driver/Src/stm32f4xx_hal_tim.c.obj
 .comment       0x00000000       0x80 CMakeFiles/bluetooth.elf.dir/Drivers/STM32F4xx_HAL_Driver/Src/stm32f4xx_hal_tim.c.obj
 .ARM.attributes
                0x00000000       0x33 CMakeFiles/bluetooth.elf.dir/Drivers/STM32F4xx_HAL_Driver/Src/stm32f4xx_hal_tim.c.obj
 .text          0x00000000        0x0 CMakeFiles/bluetooth.elf.dir/Drivers/STM32F4xx_HAL_Driver/Src/stm32f4xx_hal_tim_ex.c.obj
 .data          0x00000000        0x0 CMakeFiles/bluetooth.elf.dir/Drivers/STM32F4xx_HAL_Driver/Src/stm32f4xx_hal_tim_ex.c.obj
 .bss           0x00000000        0x0 CMakeFiles/bluetooth.elf.dir/Drivers/STM32F4xx_HAL_Driver/Src/stm32f4xx_hal_tim_ex.c.obj
 .debug_info    0x00000000      0x919 CMakeFiles/bluetooth.elf.dir/Drivers/STM32F4xx_HAL_Driver/Src/stm32f4xx_hal_tim_ex.c.obj
 .debug_abbrev  0x00000000      0x15c CMakeFiles/bluetooth.elf.dir/Drivers/STM32F4xx_HAL_Driver/Src/stm32f4xx_hal_tim_ex.c.obj
 .debug_aranges
                0x00000000       0x18 CMakeFiles/bluetooth.elf.dir/Drivers/STM32F4xx_HAL_Driver/Src/stm32f4xx_hal_tim_ex.c.obj
 .debug_line    0x00000000      0x1d7 CMakeFiles/bluetooth.elf.dir/Drivers/STM32F4xx_HAL_Driver/Src/stm32f4xx_hal_tim_ex.c.obj
 .debug_str     0x00000000      0x676 CMakeFiles/bluetooth.elf.dir/Drivers/STM32F4xx_HAL_Driver/Src/stm32f4xx_hal_tim_ex.c.obj
 .comment       0x00000000       0x80 CMakeFiles/bluetooth.elf.dir/Drivers/STM32F4xx_HAL_Driver/Src/stm32f4xx_hal_tim_ex.c.obj
 .ARM.attributes
                0x00000000       0x33 CMakeFiles/bluetooth.elf.dir/Drivers/STM32F4xx_HAL_Driver/Src/stm32f4xx_hal_tim_ex.c.obj
 .text          0x00000000        0x0 CMakeFiles/bluetooth.elf.dir/Drivers/STM32F4xx_HAL_Driver/Src/stm32f4xx_hal_uart.c.obj
 .data          0x00000000        0x0 CMakeFiles/bluetooth.elf.dir/Drivers/STM32F4xx_HAL_Driver/Src/stm32f4xx_hal_uart.c.obj
 .bss           0x00000000        0x0 CMakeFiles/bluetooth.elf.dir/Drivers/STM32F4xx_HAL_Driver/Src/stm32f4xx_hal_uart.c.obj
 .text.HAL_HalfDuplex_Init
                0x00000000       0xaa CMakeFiles/bluetooth.elf.dir/Drivers/STM32F4xx_HAL_Driver/Src/stm32f4xx_hal_uart.c.obj
 .text.HAL_LIN_Init
                0x00000000       0xcc CMakeFiles/bluetooth.elf.dir/Drivers/STM32F4xx_HAL_Driver/Src/stm32f4xx_hal_uart.c.obj
 .text.HAL_MultiProcessor_Init
                0x00000000       0xe0 CMakeFiles/bluetooth.elf.dir/Drivers/STM32F4xx_HAL_Driver/Src/stm32f4xx_hal_uart.c.obj
 .text.HAL_UART_DeInit
                0x00000000       0x48 CMakeFiles/bluetooth.elf.dir/Drivers/STM32F4xx_HAL_Driver/Src/stm32f4xx_hal_uart.c.obj
 .text.HAL_UART_MspInit
                0x00000000       0x12 CMakeFiles/bluetooth.elf.dir/Drivers/STM32F4xx_HAL_Driver/Src/stm32f4xx_hal_uart.c.obj
 .text.HAL_UART_MspDeInit
                0x00000000       0x12 CMakeFiles/bluetooth.elf.dir/Drivers/STM32F4xx_HAL_Driver/Src/stm32f4xx_hal_uart.c.obj
 .text.HAL_UART_Receive
                0x00000000      0x14c CMakeFiles/bluetooth.elf.dir/Drivers/STM32F4xx_HAL_Driver/Src/stm32f4xx_hal_uart.c.obj
 .text.HAL_UART_Transmit_IT
                0x00000000       0x88 CMakeFiles/bluetooth.elf.dir/Drivers/STM32F4xx_HAL_Driver/Src/stm32f4xx_hal_uart.c.obj
 .text.HAL_UART_Receive_IT
                0x00000000       0x98 CMakeFiles/bluetooth.elf.dir/Drivers/STM32F4xx_HAL_Driver/Src/stm32f4xx_hal_uart.c.obj
 .text.HAL_UART_Transmit_DMA
                0x00000000       0xd8 CMakeFiles/bluetooth.elf.dir/Drivers/STM32F4xx_HAL_Driver/Src/stm32f4xx_hal_uart.c.obj
 .text.HAL_UART_Receive_DMA
                0x00000000      0x100 CMakeFiles/bluetooth.elf.dir/Drivers/STM32F4xx_HAL_Driver/Src/stm32f4xx_hal_uart.c.obj
 .text.HAL_UART_DMAPause
                0x00000000       0xc6 CMakeFiles/bluetooth.elf.dir/Drivers/STM32F4xx_HAL_Driver/Src/stm32f4xx_hal_uart.c.obj
 .text.HAL_UART_DMAResume
                0x00000000       0xa0 CMakeFiles/bluetooth.elf.dir/Drivers/STM32F4xx_HAL_Driver/Src/stm32f4xx_hal_uart.c.obj
 .text.HAL_UART_DMAStop
                0x00000000       0xb6 CMakeFiles/bluetooth.elf.dir/Drivers/STM32F4xx_HAL_Driver/Src/stm32f4xx_hal_uart.c.obj
 .text.HAL_UART_Abort
                0x00000000       0xc4 CMakeFiles/bluetooth.elf.dir/Drivers/STM32F4xx_HAL_Driver/Src/stm32f4xx_hal_uart.c.obj
 .text.HAL_UART_AbortTransmit
                0x00000000       0x68 CMakeFiles/bluetooth.elf.dir/Drivers/STM32F4xx_HAL_Driver/Src/stm32f4xx_hal_uart.c.obj
 .text.HAL_UART_AbortReceive
                0x00000000       0x78 CMakeFiles/bluetooth.elf.dir/Drivers/STM32F4xx_HAL_Driver/Src/stm32f4xx_hal_uart.c.obj
 .text.HAL_UART_Abort_IT
                0x00000000      0x148 CMakeFiles/bluetooth.elf.dir/Drivers/STM32F4xx_HAL_Driver/Src/stm32f4xx_hal_uart.c.obj
 .text.HAL_UART_AbortTransmit_IT
                0x00000000       0xa0 CMakeFiles/bluetooth.elf.dir/Drivers/STM32F4xx_HAL_Driver/Src/stm32f4xx_hal_uart.c.obj
 .text.HAL_UART_AbortReceive_IT
                0x00000000       0xb0 CMakeFiles/bluetooth.elf.dir/Drivers/STM32F4xx_HAL_Driver/Src/stm32f4xx_hal_uart.c.obj
 .text.HAL_UART_IRQHandler
                0x00000000      0x1f8 CMakeFiles/bluetooth.elf.dir/Drivers/STM32F4xx_HAL_Driver/Src/stm32f4xx_hal_uart.c.obj
 .text.HAL_UART_TxCpltCallback
                0x00000000       0x12 CMakeFiles/bluetooth.elf.dir/Drivers/STM32F4xx_HAL_Driver/Src/stm32f4xx_hal_uart.c.obj
 .text.HAL_UART_TxHalfCpltCallback
                0x00000000       0x12 CMakeFiles/bluetooth.elf.dir/Drivers/STM32F4xx_HAL_Driver/Src/stm32f4xx_hal_uart.c.obj
 .text.HAL_UART_RxCpltCallback
                0x00000000       0x12 CMakeFiles/bluetooth.elf.dir/Drivers/STM32F4xx_HAL_Driver/Src/stm32f4xx_hal_uart.c.obj
 .text.HAL_UART_RxHalfCpltCallback
                0x00000000       0x12 CMakeFiles/bluetooth.elf.dir/Drivers/STM32F4xx_HAL_Driver/Src/stm32f4xx_hal_uart.c.obj
 .text.HAL_UART_ErrorCallback
                0x00000000       0x12 CMakeFiles/bluetooth.elf.dir/Drivers/STM32F4xx_HAL_Driver/Src/stm32f4xx_hal_uart.c.obj
 .text.HAL_UART_AbortCpltCallback
                0x00000000       0x12 CMakeFiles/bluetooth.elf.dir/Drivers/STM32F4xx_HAL_Driver/Src/stm32f4xx_hal_uart.c.obj
 .text.HAL_UART_AbortTransmitCpltCallback
                0x00000000       0x12 CMakeFiles/bluetooth.elf.dir/Drivers/STM32F4xx_HAL_Driver/Src/stm32f4xx_hal_uart.c.obj
 .text.HAL_UART_AbortReceiveCpltCallback
                0x00000000       0x12 CMakeFiles/bluetooth.elf.dir/Drivers/STM32F4xx_HAL_Driver/Src/stm32f4xx_hal_uart.c.obj
 .text.HAL_LIN_SendBreak
                0x00000000       0x52 CMakeFiles/bluetooth.elf.dir/Drivers/STM32F4xx_HAL_Driver/Src/stm32f4xx_hal_uart.c.obj
 .text.HAL_MultiProcessor_EnterMuteMode
                0x00000000       0x52 CMakeFiles/bluetooth.elf.dir/Drivers/STM32F4xx_HAL_Driver/Src/stm32f4xx_hal_uart.c.obj
 .text.HAL_MultiProcessor_ExitMuteMode
                0x00000000       0x52 CMakeFiles/bluetooth.elf.dir/Drivers/STM32F4xx_HAL_Driver/Src/stm32f4xx_hal_uart.c.obj
 .text.HAL_HalfDuplex_EnableTransmitter
                0x00000000       0x66 CMakeFiles/bluetooth.elf.dir/Drivers/STM32F4xx_HAL_Driver/Src/stm32f4xx_hal_uart.c.obj
 .text.HAL_HalfDuplex_EnableReceiver
                0x00000000       0x66 CMakeFiles/bluetooth.elf.dir/Drivers/STM32F4xx_HAL_Driver/Src/stm32f4xx_hal_uart.c.obj
 .text.HAL_UART_GetState
                0x00000000       0x3a CMakeFiles/bluetooth.elf.dir/Drivers/STM32F4xx_HAL_Driver/Src/stm32f4xx_hal_uart.c.obj
 .text.HAL_UART_GetError
                0x00000000       0x16 CMakeFiles/bluetooth.elf.dir/Drivers/STM32F4xx_HAL_Driver/Src/stm32f4xx_hal_uart.c.obj
 .text.UART_DMATransmitCplt
                0x00000000       0x52 CMakeFiles/bluetooth.elf.dir/Drivers/STM32F4xx_HAL_Driver/Src/stm32f4xx_hal_uart.c.obj
 .text.UART_DMATxHalfCplt
                0x00000000       0x1c CMakeFiles/bluetooth.elf.dir/Drivers/STM32F4xx_HAL_Driver/Src/stm32f4xx_hal_uart.c.obj
 .text.UART_DMAReceiveCplt
                0x00000000       0x68 CMakeFiles/bluetooth.elf.dir/Drivers/STM32F4xx_HAL_Driver/Src/stm32f4xx_hal_uart.c.obj
 .text.UART_DMARxHalfCplt
                0x00000000       0x1c CMakeFiles/bluetooth.elf.dir/Drivers/STM32F4xx_HAL_Driver/Src/stm32f4xx_hal_uart.c.obj
 .text.UART_DMAError
                0x00000000       0x94 CMakeFiles/bluetooth.elf.dir/Drivers/STM32F4xx_HAL_Driver/Src/stm32f4xx_hal_uart.c.obj
 .text.UART_EndTxTransfer
                0x00000000       0x2a CMakeFiles/bluetooth.elf.dir/Drivers/STM32F4xx_HAL_Driver/Src/stm32f4xx_hal_uart.c.obj
 .text.UART_EndRxTransfer
                0x00000000       0x3a CMakeFiles/bluetooth.elf.dir/Drivers/STM32F4xx_HAL_Driver/Src/stm32f4xx_hal_uart.c.obj
 .text.UART_DMAAbortOnError
                0x00000000       0x28 CMakeFiles/bluetooth.elf.dir/Drivers/STM32F4xx_HAL_Driver/Src/stm32f4xx_hal_uart.c.obj
 .text.UART_DMATxAbortCallback
                0x00000000       0x5a CMakeFiles/bluetooth.elf.dir/Drivers/STM32F4xx_HAL_Driver/Src/stm32f4xx_hal_uart.c.obj
 .text.UART_DMARxAbortCallback
                0x00000000       0x5a CMakeFiles/bluetooth.elf.dir/Drivers/STM32F4xx_HAL_Driver/Src/stm32f4xx_hal_uart.c.obj
 .text.UART_DMATxOnlyAbortCallback
                0x00000000       0x2a CMakeFiles/bluetooth.elf.dir/Drivers/STM32F4xx_HAL_Driver/Src/stm32f4xx_hal_uart.c.obj
 .text.UART_DMARxOnlyAbortCallback
                0x00000000       0x2a CMakeFiles/bluetooth.elf.dir/Drivers/STM32F4xx_HAL_Driver/Src/stm32f4xx_hal_uart.c.obj
 .text.UART_Transmit_IT
                0x00000000       0xaa CMakeFiles/bluetooth.elf.dir/Drivers/STM32F4xx_HAL_Driver/Src/stm32f4xx_hal_uart.c.obj
 .text.UART_EndTransmit_IT
                0x00000000       0x30 CMakeFiles/bluetooth.elf.dir/Drivers/STM32F4xx_HAL_Driver/Src/stm32f4xx_hal_uart.c.obj
 .text.UART_Receive_IT
                0x00000000       0xf2 CMakeFiles/bluetooth.elf.dir/Drivers/STM32F4xx_HAL_Driver/Src/stm32f4xx_hal_uart.c.obj
 .text          0x00000000        0x0 CMakeFiles/bluetooth.elf.dir/Src/Trace.c.obj
 .data          0x00000000        0x0 CMakeFiles/bluetooth.elf.dir/Src/Trace.c.obj
 .bss           0x00000000        0x0 CMakeFiles/bluetooth.elf.dir/Src/Trace.c.obj
 .debug_line    0x00000000        0x0 CMakeFiles/bluetooth.elf.dir/Src/Trace.c.obj
 .debug_str     0x00000000      0x134 CMakeFiles/bluetooth.elf.dir/Src/Trace.c.obj
 .comment       0x00000000       0x80 CMakeFiles/bluetooth.elf.dir/Src/Trace.c.obj
 .ARM.attributes
                0x00000000       0x33 CMakeFiles/bluetooth.elf.dir/Src/Trace.c.obj
 .text          0x00000000        0x0 CMakeFiles/bluetooth.elf.dir/Src/main.c.obj
 .data          0x00000000        0x0 CMakeFiles/bluetooth.elf.dir/Src/main.c.obj
 .bss           0x00000000        0x0 CMakeFiles/bluetooth.elf.dir/Src/main.c.obj
 .text          0x00000000        0x0 CMakeFiles/bluetooth.elf.dir/Src/stm32f4xx_hal_msp.c.obj
 .data          0x00000000        0x0 CMakeFiles/bluetooth.elf.dir/Src/stm32f4xx_hal_msp.c.obj
 .bss           0x00000000        0x0 CMakeFiles/bluetooth.elf.dir/Src/stm32f4xx_hal_msp.c.obj
 .text.HAL_UART_MspDeInit
                0x00000000       0x60 CMakeFiles/bluetooth.elf.dir/Src/stm32f4xx_hal_msp.c.obj
 .text          0x00000000        0x0 CMakeFiles/bluetooth.elf.dir/Src/stm32f4xx_it.c.obj
 .data          0x00000000        0x0 CMakeFiles/bluetooth.elf.dir/Src/stm32f4xx_it.c.obj
 .bss           0x00000000        0x0 CMakeFiles/bluetooth.elf.dir/Src/stm32f4xx_it.c.obj
 .text          0x00000000        0x0 CMakeFiles/bluetooth.elf.dir/Src/system_stm32f4xx.c.obj
 .data          0x00000000        0x0 CMakeFiles/bluetooth.elf.dir/Src/system_stm32f4xx.c.obj
 .bss           0x00000000        0x0 CMakeFiles/bluetooth.elf.dir/Src/system_stm32f4xx.c.obj
 .text.SystemCoreClockUpdate
                0x00000000       0xf4 CMakeFiles/bluetooth.elf.dir/Src/system_stm32f4xx.c.obj
 .text          0x00000000        0x0 CMakeFiles/bluetooth.elf.dir/Src/trace_impl.c.obj
 .data          0x00000000        0x0 CMakeFiles/bluetooth.elf.dir/Src/trace_impl.c.obj
 .bss           0x00000000        0x0 CMakeFiles/bluetooth.elf.dir/Src/trace_impl.c.obj
 .debug_line    0x00000000        0x0 CMakeFiles/bluetooth.elf.dir/Src/trace_impl.c.obj
 .debug_str     0x00000000      0x139 CMakeFiles/bluetooth.elf.dir/Src/trace_impl.c.obj
 .comment       0x00000000       0x80 CMakeFiles/bluetooth.elf.dir/Src/trace_impl.c.obj
 .ARM.attributes
                0x00000000       0x33 CMakeFiles/bluetooth.elf.dir/Src/trace_impl.c.obj
 .text          0x00000000       0x14 CMakeFiles/bluetooth.elf.dir/startup/startup_stm32f411xe.s.obj
 .data          0x00000000        0x0 CMakeFiles/bluetooth.elf.dir/startup/startup_stm32f411xe.s.obj
 .bss           0x00000000        0x0 CMakeFiles/bluetooth.elf.dir/startup/startup_stm32f411xe.s.obj
 .data          0x00000000        0x0 c:/progra~2/gnutoo~1/72018-~1/bin/../lib/gcc/arm-none-eabi/7.3.1/thumb/v7e-m\libgcc.a(_aeabi_uldivmod.o)
 .bss           0x00000000        0x0 c:/progra~2/gnutoo~1/72018-~1/bin/../lib/gcc/arm-none-eabi/7.3.1/thumb/v7e-m\libgcc.a(_aeabi_uldivmod.o)
 .data          0x00000000        0x0 c:/progra~2/gnutoo~1/72018-~1/bin/../lib/gcc/arm-none-eabi/7.3.1/thumb/v7e-m\libgcc.a(_udivmoddi4.o)
 .bss           0x00000000        0x0 c:/progra~2/gnutoo~1/72018-~1/bin/../lib/gcc/arm-none-eabi/7.3.1/thumb/v7e-m\libgcc.a(_udivmoddi4.o)
 .ARM.extab     0x00000000        0x0 c:/progra~2/gnutoo~1/72018-~1/bin/../lib/gcc/arm-none-eabi/7.3.1/thumb/v7e-m\libgcc.a(_udivmoddi4.o)
 .data          0x00000000        0x0 c:/progra~2/gnutoo~1/72018-~1/bin/../lib/gcc/arm-none-eabi/7.3.1/thumb/v7e-m\libgcc.a(_dvmd_tls.o)
 .bss           0x00000000        0x0 c:/progra~2/gnutoo~1/72018-~1/bin/../lib/gcc/arm-none-eabi/7.3.1/thumb/v7e-m\libgcc.a(_dvmd_tls.o)
 .text          0x00000000        0x0 c:/progra~2/gnutoo~1/72018-~1/bin/../lib/gcc/arm-none-eabi/7.3.1/../../../../arm-none-eabi/lib/thumb/v7e-m\libg_nano.a(lib_a-exit.o)
 .data          0x00000000        0x0 c:/progra~2/gnutoo~1/72018-~1/bin/../lib/gcc/arm-none-eabi/7.3.1/../../../../arm-none-eabi/lib/thumb/v7e-m\libg_nano.a(lib_a-exit.o)
 .bss           0x00000000        0x0 c:/progra~2/gnutoo~1/72018-~1/bin/../lib/gcc/arm-none-eabi/7.3.1/../../../../arm-none-eabi/lib/thumb/v7e-m\libg_nano.a(lib_a-exit.o)
 .text.exit     0x00000000       0x28 c:/progra~2/gnutoo~1/72018-~1/bin/../lib/gcc/arm-none-eabi/7.3.1/../../../../arm-none-eabi/lib/thumb/v7e-m\libg_nano.a(lib_a-exit.o)
 .debug_frame   0x00000000       0x28 c:/progra~2/gnutoo~1/72018-~1/bin/../lib/gcc/arm-none-eabi/7.3.1/../../../../arm-none-eabi/lib/thumb/v7e-m\libg_nano.a(lib_a-exit.o)
 .ARM.attributes
                0x00000000       0x2e c:/progra~2/gnutoo~1/72018-~1/bin/../lib/gcc/arm-none-eabi/7.3.1/../../../../arm-none-eabi/lib/thumb/v7e-m\libg_nano.a(lib_a-exit.o)
 .text          0x00000000        0x0 c:/progra~2/gnutoo~1/72018-~1/bin/../lib/gcc/arm-none-eabi/7.3.1/../../../../arm-none-eabi/lib/thumb/v7e-m\libg_nano.a(lib_a-impure.o)
 .data          0x00000000        0x0 c:/progra~2/gnutoo~1/72018-~1/bin/../lib/gcc/arm-none-eabi/7.3.1/../../../../arm-none-eabi/lib/thumb/v7e-m\libg_nano.a(lib_a-impure.o)
 .bss           0x00000000        0x0 c:/progra~2/gnutoo~1/72018-~1/bin/../lib/gcc/arm-none-eabi/7.3.1/../../../../arm-none-eabi/lib/thumb/v7e-m\libg_nano.a(lib_a-impure.o)
 .data._impure_ptr
                0x00000000        0x4 c:/progra~2/gnutoo~1/72018-~1/bin/../lib/gcc/arm-none-eabi/7.3.1/../../../../arm-none-eabi/lib/thumb/v7e-m\libg_nano.a(lib_a-impure.o)
 .data.impure_data
                0x00000000       0x60 c:/progra~2/gnutoo~1/72018-~1/bin/../lib/gcc/arm-none-eabi/7.3.1/../../../../arm-none-eabi/lib/thumb/v7e-m\libg_nano.a(lib_a-impure.o)
 .rodata._global_impure_ptr
                0x00000000        0x4 c:/progra~2/gnutoo~1/72018-~1/bin/../lib/gcc/arm-none-eabi/7.3.1/../../../../arm-none-eabi/lib/thumb/v7e-m\libg_nano.a(lib_a-impure.o)
 .ARM.attributes
                0x00000000       0x2e c:/progra~2/gnutoo~1/72018-~1/bin/../lib/gcc/arm-none-eabi/7.3.1/../../../../arm-none-eabi/lib/thumb/v7e-m\libg_nano.a(lib_a-impure.o)
 .text          0x00000000        0x0 c:/progra~2/gnutoo~1/72018-~1/bin/../lib/gcc/arm-none-eabi/7.3.1/../../../../arm-none-eabi/lib/thumb/v7e-m\libg_nano.a(lib_a-init.o)
 .data          0x00000000        0x0 c:/progra~2/gnutoo~1/72018-~1/bin/../lib/gcc/arm-none-eabi/7.3.1/../../../../arm-none-eabi/lib/thumb/v7e-m\libg_nano.a(lib_a-init.o)
 .bss           0x00000000        0x0 c:/progra~2/gnutoo~1/72018-~1/bin/../lib/gcc/arm-none-eabi/7.3.1/../../../../arm-none-eabi/lib/thumb/v7e-m\libg_nano.a(lib_a-init.o)
 .text          0x00000000        0x0 c:/progra~2/gnutoo~1/72018-~1/bin/../lib/gcc/arm-none-eabi/7.3.1/../../../../arm-none-eabi/lib/thumb/v7e-m\libg_nano.a(lib_a-memset.o)
 .data          0x00000000        0x0 c:/progra~2/gnutoo~1/72018-~1/bin/../lib/gcc/arm-none-eabi/7.3.1/../../../../arm-none-eabi/lib/thumb/v7e-m\libg_nano.a(lib_a-memset.o)
 .bss           0x00000000        0x0 c:/progra~2/gnutoo~1/72018-~1/bin/../lib/gcc/arm-none-eabi/7.3.1/../../../../arm-none-eabi/lib/thumb/v7e-m\libg_nano.a(lib_a-memset.o)
 .text.memset   0x00000000       0x10 c:/progra~2/gnutoo~1/72018-~1/bin/../lib/gcc/arm-none-eabi/7.3.1/../../../../arm-none-eabi/lib/thumb/v7e-m\libg_nano.a(lib_a-memset.o)
 .debug_frame   0x00000000       0x20 c:/progra~2/gnutoo~1/72018-~1/bin/../lib/gcc/arm-none-eabi/7.3.1/../../../../arm-none-eabi/lib/thumb/v7e-m\libg_nano.a(lib_a-memset.o)
 .ARM.attributes
                0x00000000       0x2e c:/progra~2/gnutoo~1/72018-~1/bin/../lib/gcc/arm-none-eabi/7.3.1/../../../../arm-none-eabi/lib/thumb/v7e-m\libg_nano.a(lib_a-memset.o)
 .text          0x00000000        0x0 c:/progra~2/gnutoo~1/72018-~1/bin/../lib/gcc/arm-none-eabi/7.3.1/../../../../arm-none-eabi/lib/thumb/v7e-m\libnosys.a(_exit.o)
 .data          0x00000000        0x0 c:/progra~2/gnutoo~1/72018-~1/bin/../lib/gcc/arm-none-eabi/7.3.1/../../../../arm-none-eabi/lib/thumb/v7e-m\libnosys.a(_exit.o)
 .bss           0x00000000        0x0 c:/progra~2/gnutoo~1/72018-~1/bin/../lib/gcc/arm-none-eabi/7.3.1/../../../../arm-none-eabi/lib/thumb/v7e-m\libnosys.a(_exit.o)
 .text._exit    0x00000000        0x4 c:/progra~2/gnutoo~1/72018-~1/bin/../lib/gcc/arm-none-eabi/7.3.1/../../../../arm-none-eabi/lib/thumb/v7e-m\libnosys.a(_exit.o)
 .debug_frame   0x00000000       0x20 c:/progra~2/gnutoo~1/72018-~1/bin/../lib/gcc/arm-none-eabi/7.3.1/../../../../arm-none-eabi/lib/thumb/v7e-m\libnosys.a(_exit.o)
 .ARM.attributes
                0x00000000       0x2e c:/progra~2/gnutoo~1/72018-~1/bin/../lib/gcc/arm-none-eabi/7.3.1/../../../../arm-none-eabi/lib/thumb/v7e-m\libnosys.a(_exit.o)
 .text          0x00000000        0x0 c:/progra~2/gnutoo~1/72018-~1/bin/../lib/gcc/arm-none-eabi/7.3.1/thumb/v7e-m/crtend.o
 .data          0x00000000        0x0 c:/progra~2/gnutoo~1/72018-~1/bin/../lib/gcc/arm-none-eabi/7.3.1/thumb/v7e-m/crtend.o
 .bss           0x00000000        0x0 c:/progra~2/gnutoo~1/72018-~1/bin/../lib/gcc/arm-none-eabi/7.3.1/thumb/v7e-m/crtend.o
 .eh_frame      0x00000000        0x4 c:/progra~2/gnutoo~1/72018-~1/bin/../lib/gcc/arm-none-eabi/7.3.1/thumb/v7e-m/crtend.o
 .ARM.attributes
                0x00000000       0x2e c:/progra~2/gnutoo~1/72018-~1/bin/../lib/gcc/arm-none-eabi/7.3.1/thumb/v7e-m/crtend.o
 .text          0x00000000        0x0 c:/progra~2/gnutoo~1/72018-~1/bin/../lib/gcc/arm-none-eabi/7.3.1/thumb/v7e-m/crtn.o
 .data          0x00000000        0x0 c:/progra~2/gnutoo~1/72018-~1/bin/../lib/gcc/arm-none-eabi/7.3.1/thumb/v7e-m/crtn.o
 .bss           0x00000000        0x0 c:/progra~2/gnutoo~1/72018-~1/bin/../lib/gcc/arm-none-eabi/7.3.1/thumb/v7e-m/crtn.o

Memory Configuration

Name             Origin             Length             Attributes
RAM              0x20000000         0x00020000         xrw
FLASH            0x08000000         0x00080000         xr
*default*        0x00000000         0xffffffff

Linker script and memory map

LOAD c:/progra~2/gnutoo~1/72018-~1/bin/../lib/gcc/arm-none-eabi/7.3.1/thumb/v7e-m/crti.o
LOAD c:/progra~2/gnutoo~1/72018-~1/bin/../lib/gcc/arm-none-eabi/7.3.1/thumb/v7e-m/crtbegin.o
LOAD c:/progra~2/gnutoo~1/72018-~1/bin/../lib/gcc/arm-none-eabi/7.3.1/../../../../arm-none-eabi/lib/thumb/v7e-m/crt0.o
LOAD CMakeFiles/bluetooth.elf.dir/Drivers/STM32F4xx_HAL_Driver/Src/stm32f4xx_hal.c.obj
LOAD CMakeFiles/bluetooth.elf.dir/Drivers/STM32F4xx_HAL_Driver/Src/stm32f4xx_hal_cortex.c.obj
LOAD CMakeFiles/bluetooth.elf.dir/Drivers/STM32F4xx_HAL_Driver/Src/stm32f4xx_hal_dma.c.obj
LOAD CMakeFiles/bluetooth.elf.dir/Drivers/STM32F4xx_HAL_Driver/Src/stm32f4xx_hal_dma_ex.c.obj
LOAD CMakeFiles/bluetooth.elf.dir/Drivers/STM32F4xx_HAL_Driver/Src/stm32f4xx_hal_flash.c.obj
LOAD CMakeFiles/bluetooth.elf.dir/Drivers/STM32F4xx_HAL_Driver/Src/stm32f4xx_hal_flash_ex.c.obj
LOAD CMakeFiles/bluetooth.elf.dir/Drivers/STM32F4xx_HAL_Driver/Src/stm32f4xx_hal_flash_ramfunc.c.obj
LOAD CMakeFiles/bluetooth.elf.dir/Drivers/STM32F4xx_HAL_Driver/Src/stm32f4xx_hal_gpio.c.obj
LOAD CMakeFiles/bluetooth.elf.dir/Drivers/STM32F4xx_HAL_Driver/Src/stm32f4xx_hal_pwr.c.obj
LOAD CMakeFiles/bluetooth.elf.dir/Drivers/STM32F4xx_HAL_Driver/Src/stm32f4xx_hal_pwr_ex.c.obj
LOAD CMakeFiles/bluetooth.elf.dir/Drivers/STM32F4xx_HAL_Driver/Src/stm32f4xx_hal_rcc.c.obj
LOAD CMakeFiles/bluetooth.elf.dir/Drivers/STM32F4xx_HAL_Driver/Src/stm32f4xx_hal_rcc_ex.c.obj
LOAD CMakeFiles/bluetooth.elf.dir/Drivers/STM32F4xx_HAL_Driver/Src/stm32f4xx_hal_tim.c.obj
LOAD CMakeFiles/bluetooth.elf.dir/Drivers/STM32F4xx_HAL_Driver/Src/stm32f4xx_hal_tim_ex.c.obj
LOAD CMakeFiles/bluetooth.elf.dir/Drivers/STM32F4xx_HAL_Driver/Src/stm32f4xx_hal_uart.c.obj
LOAD CMakeFiles/bluetooth.elf.dir/Src/Trace.c.obj
LOAD CMakeFiles/bluetooth.elf.dir/Src/main.c.obj
LOAD CMakeFiles/bluetooth.elf.dir/Src/stm32f4xx_hal_msp.c.obj
LOAD CMakeFiles/bluetooth.elf.dir/Src/stm32f4xx_it.c.obj
LOAD CMakeFiles/bluetooth.elf.dir/Src/system_stm32f4xx.c.obj
LOAD CMakeFiles/bluetooth.elf.dir/Src/trace_impl.c.obj
LOAD CMakeFiles/bluetooth.elf.dir/startup/startup_stm32f411xe.s.obj
START GROUP
LOAD c:/progra~2/gnutoo~1/72018-~1/bin/../lib/gcc/arm-none-eabi/7.3.1/thumb/v7e-m\libgcc.a
LOAD c:/progra~2/gnutoo~1/72018-~1/bin/../lib/gcc/arm-none-eabi/7.3.1/../../../../arm-none-eabi/lib/thumb/v7e-m\libg_nano.a
LOAD c:/progra~2/gnutoo~1/72018-~1/bin/../lib/gcc/arm-none-eabi/7.3.1/../../../../arm-none-eabi/lib/thumb/v7e-m\libc_nano.a
END GROUP
START GROUP
LOAD c:/progra~2/gnutoo~1/72018-~1/bin/../lib/gcc/arm-none-eabi/7.3.1/thumb/v7e-m\libgcc.a
LOAD c:/progra~2/gnutoo~1/72018-~1/bin/../lib/gcc/arm-none-eabi/7.3.1/../../../../arm-none-eabi/lib/thumb/v7e-m\libc_nano.a
LOAD c:/progra~2/gnutoo~1/72018-~1/bin/../lib/gcc/arm-none-eabi/7.3.1/../../../../arm-none-eabi/lib/thumb/v7e-m\libnosys.a
END GROUP
START GROUP
LOAD c:/progra~2/gnutoo~1/72018-~1/bin/../lib/gcc/arm-none-eabi/7.3.1/thumb/v7e-m\libgcc.a
LOAD c:/progra~2/gnutoo~1/72018-~1/bin/../lib/gcc/arm-none-eabi/7.3.1/../../../../arm-none-eabi/lib/thumb/v7e-m\libc_nano.a
LOAD c:/progra~2/gnutoo~1/72018-~1/bin/../lib/gcc/arm-none-eabi/7.3.1/../../../../arm-none-eabi/lib/thumb/v7e-m\libnosys.a
END GROUP
LOAD c:/progra~2/gnutoo~1/72018-~1/bin/../lib/gcc/arm-none-eabi/7.3.1/thumb/v7e-m/crtend.o
LOAD c:/progra~2/gnutoo~1/72018-~1/bin/../lib/gcc/arm-none-eabi/7.3.1/thumb/v7e-m/crtn.o
                0x20020000                _estack = 0x20020000
                0x00000200                _Min_Heap_Size = 0x200
                0x00000400                _Min_Stack_Size = 0x400

.isr_vector     0x08000000      0x198
                0x08000000                . = ALIGN (0x4)
 *(.isr_vector)
 .isr_vector    0x08000000      0x198 CMakeFiles/bluetooth.elf.dir/startup/startup_stm32f411xe.s.obj
                0x08000000                g_pfnVectors
                0x08000198                . = ALIGN (0x4)

.text           0x08000198     0x1e14
                0x08000198                . = ALIGN (0x4)
 *(.text)
 .text          0x08000198       0x40 c:/progra~2/gnutoo~1/72018-~1/bin/../lib/gcc/arm-none-eabi/7.3.1/thumb/v7e-m/crtbegin.o
 .text          0x080001d8       0x30 c:/progra~2/gnutoo~1/72018-~1/bin/../lib/gcc/arm-none-eabi/7.3.1/thumb/v7e-m\libgcc.a(_aeabi_uldivmod.o)
                0x080001d8                __aeabi_uldivmod
 .text          0x08000208      0x2cc c:/progra~2/gnutoo~1/72018-~1/bin/../lib/gcc/arm-none-eabi/7.3.1/thumb/v7e-m\libgcc.a(_udivmoddi4.o)
                0x08000208                __udivmoddi4
 .text          0x080004d4        0x4 c:/progra~2/gnutoo~1/72018-~1/bin/../lib/gcc/arm-none-eabi/7.3.1/thumb/v7e-m\libgcc.a(_dvmd_tls.o)
                0x080004d4                __aeabi_idiv0
                0x080004d4                __aeabi_ldiv0
 *(.text*)
 .text.HAL_Init
                0x080004d8       0x44 CMakeFiles/bluetooth.elf.dir/Drivers/STM32F4xx_HAL_Driver/Src/stm32f4xx_hal.c.obj
                0x080004d8                HAL_Init
 .text.HAL_InitTick
                0x0800051c       0x60 CMakeFiles/bluetooth.elf.dir/Drivers/STM32F4xx_HAL_Driver/Src/stm32f4xx_hal.c.obj
                0x0800051c                HAL_InitTick
 .text.HAL_IncTick
                0x0800057c       0x24 CMakeFiles/bluetooth.elf.dir/Drivers/STM32F4xx_HAL_Driver/Src/stm32f4xx_hal.c.obj
                0x0800057c                HAL_IncTick
 .text.HAL_GetTick
                0x080005a0       0x14 CMakeFiles/bluetooth.elf.dir/Drivers/STM32F4xx_HAL_Driver/Src/stm32f4xx_hal.c.obj
                0x080005a0                HAL_GetTick
 .text.HAL_Delay
                0x080005b4       0x44 CMakeFiles/bluetooth.elf.dir/Drivers/STM32F4xx_HAL_Driver/Src/stm32f4xx_hal.c.obj
                0x080005b4                HAL_Delay
 .text.NVIC_SetPriorityGrouping
                0x080005f8       0x48 CMakeFiles/bluetooth.elf.dir/Drivers/STM32F4xx_HAL_Driver/Src/stm32f4xx_hal_cortex.c.obj
 .text.NVIC_GetPriorityGrouping
                0x08000640       0x1c CMakeFiles/bluetooth.elf.dir/Drivers/STM32F4xx_HAL_Driver/Src/stm32f4xx_hal_cortex.c.obj
 .text.NVIC_SetPriority
                0x0800065c       0x54 CMakeFiles/bluetooth.elf.dir/Drivers/STM32F4xx_HAL_Driver/Src/stm32f4xx_hal_cortex.c.obj
 .text.NVIC_EncodePriority
                0x080006b0       0x64 CMakeFiles/bluetooth.elf.dir/Drivers/STM32F4xx_HAL_Driver/Src/stm32f4xx_hal_cortex.c.obj
 .text.SysTick_Config
                0x08000714       0x44 CMakeFiles/bluetooth.elf.dir/Drivers/STM32F4xx_HAL_Driver/Src/stm32f4xx_hal_cortex.c.obj
 .text.HAL_NVIC_SetPriorityGrouping
                0x08000758       0x16 CMakeFiles/bluetooth.elf.dir/Drivers/STM32F4xx_HAL_Driver/Src/stm32f4xx_hal_cortex.c.obj
                0x08000758                HAL_NVIC_SetPriorityGrouping
 .text.HAL_NVIC_SetPriority
                0x0800076e       0x38 CMakeFiles/bluetooth.elf.dir/Drivers/STM32F4xx_HAL_Driver/Src/stm32f4xx_hal_cortex.c.obj
                0x0800076e                HAL_NVIC_SetPriority
 .text.HAL_SYSTICK_Config
                0x080007a6       0x18 CMakeFiles/bluetooth.elf.dir/Drivers/STM32F4xx_HAL_Driver/Src/stm32f4xx_hal_cortex.c.obj
                0x080007a6                HAL_SYSTICK_Config
 *fill*         0x080007be        0x2 
 .text.HAL_SYSTICK_CLKSourceConfig
                0x080007c0       0x38 CMakeFiles/bluetooth.elf.dir/Drivers/STM32F4xx_HAL_Driver/Src/stm32f4xx_hal_cortex.c.obj
                0x080007c0                HAL_SYSTICK_CLKSourceConfig
 .text.HAL_SYSTICK_IRQHandler
                0x080007f8        0xc CMakeFiles/bluetooth.elf.dir/Drivers/STM32F4xx_HAL_Driver/Src/stm32f4xx_hal_cortex.c.obj
                0x080007f8                HAL_SYSTICK_IRQHandler
 .text.HAL_SYSTICK_Callback
                0x08000804        0xc CMakeFiles/bluetooth.elf.dir/Drivers/STM32F4xx_HAL_Driver/Src/stm32f4xx_hal_cortex.c.obj
                0x08000804                HAL_SYSTICK_Callback
 .text.HAL_GPIO_Init
                0x08000810      0x304 CMakeFiles/bluetooth.elf.dir/Drivers/STM32F4xx_HAL_Driver/Src/stm32f4xx_hal_gpio.c.obj
                0x08000810                HAL_GPIO_Init
 .text.HAL_GPIO_WritePin
                0x08000b14       0x30 CMakeFiles/bluetooth.elf.dir/Drivers/STM32F4xx_HAL_Driver/Src/stm32f4xx_hal_gpio.c.obj
                0x08000b14                HAL_GPIO_WritePin
 .text.HAL_RCC_OscConfig
                0x08000b44      0x484 CMakeFiles/bluetooth.elf.dir/Drivers/STM32F4xx_HAL_Driver/Src/stm32f4xx_hal_rcc.c.obj
                0x08000b44                HAL_RCC_OscConfig
 .text.HAL_RCC_ClockConfig
                0x08000fc8      0x1c4 CMakeFiles/bluetooth.elf.dir/Drivers/STM32F4xx_HAL_Driver/Src/stm32f4xx_hal_rcc.c.obj
                0x08000fc8                HAL_RCC_ClockConfig
 .text.HAL_RCC_GetSysClockFreq
                0x0800118c      0x1b0 CMakeFiles/bluetooth.elf.dir/Drivers/STM32F4xx_HAL_Driver/Src/stm32f4xx_hal_rcc.c.obj
                0x0800118c                HAL_RCC_GetSysClockFreq
 .text.HAL_RCC_GetHCLKFreq
                0x0800133c       0x14 CMakeFiles/bluetooth.elf.dir/Drivers/STM32F4xx_HAL_Driver/Src/stm32f4xx_hal_rcc.c.obj
                0x0800133c                HAL_RCC_GetHCLKFreq
 .text.HAL_RCC_GetPCLK1Freq
                0x08001350       0x28 CMakeFiles/bluetooth.elf.dir/Drivers/STM32F4xx_HAL_Driver/Src/stm32f4xx_hal_rcc.c.obj
                0x08001350                HAL_RCC_GetPCLK1Freq
 .text.HAL_RCC_GetPCLK2Freq
                0x08001378       0x28 CMakeFiles/bluetooth.elf.dir/Drivers/STM32F4xx_HAL_Driver/Src/stm32f4xx_hal_rcc.c.obj
                0x08001378                HAL_RCC_GetPCLK2Freq
 .text.HAL_UART_Init
                0x080013a0       0x9a CMakeFiles/bluetooth.elf.dir/Drivers/STM32F4xx_HAL_Driver/Src/stm32f4xx_hal_uart.c.obj
                0x080013a0                HAL_UART_Init
 .text.HAL_UART_Transmit
                0x0800143a      0x132 CMakeFiles/bluetooth.elf.dir/Drivers/STM32F4xx_HAL_Driver/Src/stm32f4xx_hal_uart.c.obj
                0x0800143a                HAL_UART_Transmit
 .text.UART_WaitOnFlagUntilTimeout
                0x0800156c       0x94 CMakeFiles/bluetooth.elf.dir/Drivers/STM32F4xx_HAL_Driver/Src/stm32f4xx_hal_uart.c.obj
 .text.UART_SetConfig
                0x08001600      0x438 CMakeFiles/bluetooth.elf.dir/Drivers/STM32F4xx_HAL_Driver/Src/stm32f4xx_hal_uart.c.obj
 .text.main     0x08001a38       0x38 CMakeFiles/bluetooth.elf.dir/Src/main.c.obj
                0x08001a38                main
 .text.SystemClock_Config
                0x08001a70       0xec CMakeFiles/bluetooth.elf.dir/Src/main.c.obj
                0x08001a70                SystemClock_Config
 .text.MX_USART1_UART_Init
                0x08001b5c       0x5c CMakeFiles/bluetooth.elf.dir/Src/main.c.obj
 .text.MX_USART2_UART_Init
                0x08001bb8       0x5c CMakeFiles/bluetooth.elf.dir/Src/main.c.obj
 .text.MX_GPIO_Init
                0x08001c14       0xd0 CMakeFiles/bluetooth.elf.dir/Src/main.c.obj
 .text._Error_Handler
                0x08001ce4        0xc CMakeFiles/bluetooth.elf.dir/Src/main.c.obj
                0x08001ce4                _Error_Handler
 .text.HAL_MspInit
                0x08001cf0       0xa4 CMakeFiles/bluetooth.elf.dir/Src/stm32f4xx_hal_msp.c.obj
                0x08001cf0                HAL_MspInit
 .text.HAL_UART_MspInit
                0x08001d94       0xb0 CMakeFiles/bluetooth.elf.dir/Src/stm32f4xx_hal_msp.c.obj
                0x08001d94                HAL_UART_MspInit
 .text.NMI_Handler
                0x08001e44        0xc CMakeFiles/bluetooth.elf.dir/Src/stm32f4xx_it.c.obj
                0x08001e44                NMI_Handler
 .text.HardFault_Handler
                0x08001e50        0x6 CMakeFiles/bluetooth.elf.dir/Src/stm32f4xx_it.c.obj
                0x08001e50                HardFault_Handler
 .text.MemManage_Handler
                0x08001e56        0x6 CMakeFiles/bluetooth.elf.dir/Src/stm32f4xx_it.c.obj
                0x08001e56                MemManage_Handler
 .text.BusFault_Handler
                0x08001e5c        0x6 CMakeFiles/bluetooth.elf.dir/Src/stm32f4xx_it.c.obj
                0x08001e5c                BusFault_Handler
 .text.UsageFault_Handler
                0x08001e62        0x6 CMakeFiles/bluetooth.elf.dir/Src/stm32f4xx_it.c.obj
                0x08001e62                UsageFault_Handler
 .text.SVC_Handler
                0x08001e68        0xc CMakeFiles/bluetooth.elf.dir/Src/stm32f4xx_it.c.obj
                0x08001e68                SVC_Handler
 .text.DebugMon_Handler
                0x08001e74        0xc CMakeFiles/bluetooth.elf.dir/Src/stm32f4xx_it.c.obj
                0x08001e74                DebugMon_Handler
 .text.PendSV_Handler
                0x08001e80        0xc CMakeFiles/bluetooth.elf.dir/Src/stm32f4xx_it.c.obj
                0x08001e80                PendSV_Handler
 .text.SysTick_Handler
                0x08001e8c       0x10 CMakeFiles/bluetooth.elf.dir/Src/stm32f4xx_it.c.obj
                0x08001e8c                SysTick_Handler
 .text.SystemInit
                0x08001e9c       0x5c CMakeFiles/bluetooth.elf.dir/Src/system_stm32f4xx.c.obj
                0x08001e9c                SystemInit
 .text.Reset_Handler
                0x08001ef8       0x50 CMakeFiles/bluetooth.elf.dir/startup/startup_stm32f411xe.s.obj
                0x08001ef8                Reset_Handler
 .text.Default_Handler
                0x08001f48        0x2 CMakeFiles/bluetooth.elf.dir/startup/startup_stm32f411xe.s.obj
                0x08001f48                RTC_Alarm_IRQHandler
                0x08001f48                EXTI2_IRQHandler
                0x08001f48                SPI4_IRQHandler
                0x08001f48                TIM1_CC_IRQHandler
                0x08001f48                DMA2_Stream5_IRQHandler
                0x08001f48                DMA1_Stream5_IRQHandler
                0x08001f48                PVD_IRQHandler
                0x08001f48                SDIO_IRQHandler
                0x08001f48                TAMP_STAMP_IRQHandler
                0x08001f48                EXTI3_IRQHandler
                0x08001f48                TIM1_UP_TIM10_IRQHandler
                0x08001f48                I2C3_ER_IRQHandler
                0x08001f48                EXTI0_IRQHandler
                0x08001f48                I2C2_EV_IRQHandler
                0x08001f48                DMA1_Stream2_IRQHandler
                0x08001f48                FPU_IRQHandler
                0x08001f48                DMA2_Stream2_IRQHandler
                0x08001f48                SPI1_IRQHandler
                0x08001f48                TIM1_BRK_TIM9_IRQHandler
                0x08001f48                DMA2_Stream3_IRQHandler
                0x08001f48                USART6_IRQHandler
                0x08001f48                DMA2_Stream0_IRQHandler
                0x08001f48                TIM4_IRQHandler
                0x08001f48                I2C1_EV_IRQHandler
                0x08001f48                DMA1_Stream6_IRQHandler
                0x08001f48                DMA1_Stream1_IRQHandler
                0x08001f48                TIM3_IRQHandler
                0x08001f48                RCC_IRQHandler
                0x08001f48                Default_Handler
                0x08001f48                EXTI15_10_IRQHandler
                0x08001f48                ADC_IRQHandler
                0x08001f48                DMA1_Stream7_IRQHandler
                0x08001f48                SPI5_IRQHandler
                0x08001f48                TIM5_IRQHandler
                0x08001f48                DMA2_Stream7_IRQHandler
                0x08001f48                I2C3_EV_IRQHandler
                0x08001f48                EXTI9_5_IRQHandler
                0x08001f48                RTC_WKUP_IRQHandler
                0x08001f48                SPI2_IRQHandler
                0x08001f48                DMA1_Stream0_IRQHandler
                0x08001f48                EXTI4_IRQHandler
                0x08001f48                WWDG_IRQHandler
                0x08001f48                TIM2_IRQHandler
                0x08001f48                OTG_FS_WKUP_IRQHandler
                0x08001f48                TIM1_TRG_COM_TIM11_IRQHandler
                0x08001f48                EXTI1_IRQHandler
                0x08001f48                USART2_IRQHandler
                0x08001f48                I2C2_ER_IRQHandler
                0x08001f48                DMA2_Stream1_IRQHandler
                0x08001f48                FLASH_IRQHandler
                0x08001f48                DMA2_Stream4_IRQHandler
                0x08001f48                USART1_IRQHandler
                0x08001f48                OTG_FS_IRQHandler
                0x08001f48                SPI3_IRQHandler
                0x08001f48                DMA1_Stream4_IRQHandler
                0x08001f48                I2C1_ER_IRQHandler
                0x08001f48                DMA2_Stream6_IRQHandler
                0x08001f48                DMA1_Stream3_IRQHandler
 *fill*         0x08001f4a        0x2 
 .text.__libc_init_array
                0x08001f4c       0x48 c:/progra~2/gnutoo~1/72018-~1/bin/../lib/gcc/arm-none-eabi/7.3.1/../../../../arm-none-eabi/lib/thumb/v7e-m\libg_nano.a(lib_a-init.o)
                0x08001f4c                __libc_init_array
 *(.glue_7)
 .glue_7        0x08001f94        0x0 linker stubs
 *(.glue_7t)
 .glue_7t       0x08001f94        0x0 linker stubs
 *(.eh_frame)
 .eh_frame      0x08001f94        0x0 c:/progra~2/gnutoo~1/72018-~1/bin/../lib/gcc/arm-none-eabi/7.3.1/thumb/v7e-m/crtbegin.o
 *(.init)
 .init          0x08001f94        0x4 c:/progra~2/gnutoo~1/72018-~1/bin/../lib/gcc/arm-none-eabi/7.3.1/thumb/v7e-m/crti.o
                0x08001f94                _init
 .init          0x08001f98        0x8 c:/progra~2/gnutoo~1/72018-~1/bin/../lib/gcc/arm-none-eabi/7.3.1/thumb/v7e-m/crtn.o
 *(.fini)
 .fini          0x08001fa0        0x4 c:/progra~2/gnutoo~1/72018-~1/bin/../lib/gcc/arm-none-eabi/7.3.1/thumb/v7e-m/crti.o
                0x08001fa0                _fini
 .fini          0x08001fa4        0x8 c:/progra~2/gnutoo~1/72018-~1/bin/../lib/gcc/arm-none-eabi/7.3.1/thumb/v7e-m/crtn.o
                0x08001fac                . = ALIGN (0x4)
                0x08001fac                _etext = .

.vfp11_veneer   0x08001fac        0x0
 .vfp11_veneer  0x08001fac        0x0 linker stubs

.v4_bx          0x08001fac        0x0
 .v4_bx         0x08001fac        0x0 linker stubs

.iplt           0x08001fac        0x0
 .iplt          0x08001fac        0x0 c:/progra~2/gnutoo~1/72018-~1/bin/../lib/gcc/arm-none-eabi/7.3.1/thumb/v7e-m/crtbegin.o

.rodata         0x08001fac       0x54
                0x08001fac                . = ALIGN (0x4)
 *(.rodata)
 .rodata        0x08001fac       0x3c CMakeFiles/bluetooth.elf.dir/Src/main.c.obj
 *(.rodata*)
 .rodata.AHBPrescTable
                0x08001fe8       0x10 CMakeFiles/bluetooth.elf.dir/Src/system_stm32f4xx.c.obj
                0x08001fe8                AHBPrescTable
 .rodata.APBPrescTable
                0x08001ff8        0x8 CMakeFiles/bluetooth.elf.dir/Src/system_stm32f4xx.c.obj
                0x08001ff8                APBPrescTable
                0x08002000                . = ALIGN (0x4)

.ARM.extab
 *(.ARM.extab* .gnu.linkonce.armextab.*)

.ARM            0x08002000        0x8
                0x08002000                __exidx_start = .
 *(.ARM.exidx*)
 .ARM.exidx     0x08002000        0x8 c:/progra~2/gnutoo~1/72018-~1/bin/../lib/gcc/arm-none-eabi/7.3.1/thumb/v7e-m\libgcc.a(_udivmoddi4.o)
                0x08002008                __exidx_end = .

.rel.dyn        0x08002008        0x0
 .rel.iplt      0x08002008        0x0 c:/progra~2/gnutoo~1/72018-~1/bin/../lib/gcc/arm-none-eabi/7.3.1/thumb/v7e-m/crtbegin.o

.preinit_array  0x08002008        0x0
                0x08002008                PROVIDE (__preinit_array_start = .)
 *(.preinit_array*)
                0x08002008                PROVIDE (__preinit_array_end = .)

.init_array     0x08002008        0x4
                0x08002008                PROVIDE (__init_array_start = .)
 *(SORT_BY_NAME(.init_array.*))
 *(.init_array*)
 .init_array    0x08002008        0x4 c:/progra~2/gnutoo~1/72018-~1/bin/../lib/gcc/arm-none-eabi/7.3.1/thumb/v7e-m/crtbegin.o
                0x0800200c                PROVIDE (__init_array_end = .)

.fini_array     0x0800200c        0x4
                [!provide]                PROVIDE (__fini_array_start = .)
 *(SORT_BY_NAME(.fini_array.*))
 *(.fini_array*)
 .fini_array    0x0800200c        0x4 c:/progra~2/gnutoo~1/72018-~1/bin/../lib/gcc/arm-none-eabi/7.3.1/thumb/v7e-m/crtbegin.o
                [!provide]                PROVIDE (__fini_array_end = .)
                0x08002010                _sidata = LOADADDR (.data)

.data           0x20000000        0xc load address 0x08002010
                0x20000000                . = ALIGN (0x4)
                0x20000000                _sdata = .
 *(.data)
 *(.data*)
 .data.uwTickPrio
                0x20000000        0x4 CMakeFiles/bluetooth.elf.dir/Drivers/STM32F4xx_HAL_Driver/Src/stm32f4xx_hal.c.obj
                0x20000000                uwTickPrio
 .data.uwTickFreq
                0x20000004        0x1 CMakeFiles/bluetooth.elf.dir/Drivers/STM32F4xx_HAL_Driver/Src/stm32f4xx_hal.c.obj
                0x20000004                uwTickFreq
 *fill*         0x20000005        0x3 
 .data.SystemCoreClock
                0x20000008        0x4 CMakeFiles/bluetooth.elf.dir/Src/system_stm32f4xx.c.obj
                0x20000008                SystemCoreClock
                0x2000000c                . = ALIGN (0x4)
                0x2000000c                _edata = .

.igot.plt       0x2000000c        0x0 load address 0x0800201c
 .igot.plt      0x2000000c        0x0 c:/progra~2/gnutoo~1/72018-~1/bin/../lib/gcc/arm-none-eabi/7.3.1/thumb/v7e-m/crtbegin.o
                0x2000000c                . = ALIGN (0x4)

.bss            0x2000000c       0xa0 load address 0x0800201c
                0x2000000c                _sbss = .
                0x2000000c                __bss_start__ = _sbss
 *(.bss)
 .bss           0x2000000c       0x1c c:/progra~2/gnutoo~1/72018-~1/bin/../lib/gcc/arm-none-eabi/7.3.1/thumb/v7e-m/crtbegin.o
 *(.bss*)
 .bss.uwTick    0x20000028        0x4 CMakeFiles/bluetooth.elf.dir/Drivers/STM32F4xx_HAL_Driver/Src/stm32f4xx_hal.c.obj
                0x20000028                uwTick
 .bss.huart1    0x2000002c       0x40 CMakeFiles/bluetooth.elf.dir/Src/main.c.obj
                0x2000002c                huart1
 .bss.huart2    0x2000006c       0x40 CMakeFiles/bluetooth.elf.dir/Src/main.c.obj
                0x2000006c                huart2
 *(COMMON)
                0x200000ac                . = ALIGN (0x4)
                0x200000ac                _ebss = .
                0x200000ac                __bss_end__ = _ebss

._user_heap_stack
                0x200000ac      0x604 load address 0x0800201c
                0x200000b0                . = ALIGN (0x8)
 *fill*         0x200000ac        0x4 
                [!provide]                PROVIDE (end = .)
                [!provide]                PROVIDE (_end = .)
                0x200002b0                . = (. + _Min_Heap_Size)
 *fill*         0x200000b0      0x200 
                0x200006b0                . = (. + _Min_Stack_Size)
 *fill*         0x200002b0      0x400 
                0x200006b0                . = ALIGN (0x8)

/DISCARD/
 libc.a(*)
 libm.a(*)
 libgcc.a(*)

.ARM.attributes
                0x00000000       0x2a
 *(.ARM.attributes)
 .ARM.attributes
                0x00000000       0x1e c:/progra~2/gnutoo~1/72018-~1/bin/../lib/gcc/arm-none-eabi/7.3.1/thumb/v7e-m/crti.o
 .ARM.attributes
                0x0000001e       0x2e c:/progra~2/gnutoo~1/72018-~1/bin/../lib/gcc/arm-none-eabi/7.3.1/thumb/v7e-m/crtbegin.o
 .ARM.attributes
                0x0000004c       0x33 CMakeFiles/bluetooth.elf.dir/Drivers/STM32F4xx_HAL_Driver/Src/stm32f4xx_hal.c.obj
 .ARM.attributes
                0x0000007f       0x33 CMakeFiles/bluetooth.elf.dir/Drivers/STM32F4xx_HAL_Driver/Src/stm32f4xx_hal_cortex.c.obj
 .ARM.attributes
                0x000000b2       0x33 CMakeFiles/bluetooth.elf.dir/Drivers/STM32F4xx_HAL_Driver/Src/stm32f4xx_hal_gpio.c.obj
 .ARM.attributes
                0x000000e5       0x33 CMakeFiles/bluetooth.elf.dir/Drivers/STM32F4xx_HAL_Driver/Src/stm32f4xx_hal_rcc.c.obj
 .ARM.attributes
                0x00000118       0x33 CMakeFiles/bluetooth.elf.dir/Drivers/STM32F4xx_HAL_Driver/Src/stm32f4xx_hal_uart.c.obj
 .ARM.attributes
                0x0000014b       0x33 CMakeFiles/bluetooth.elf.dir/Src/main.c.obj
 .ARM.attributes
                0x0000017e       0x33 CMakeFiles/bluetooth.elf.dir/Src/stm32f4xx_hal_msp.c.obj
 .ARM.attributes
                0x000001b1       0x33 CMakeFiles/bluetooth.elf.dir/Src/stm32f4xx_it.c.obj
 .ARM.attributes
                0x000001e4       0x33 CMakeFiles/bluetooth.elf.dir/Src/system_stm32f4xx.c.obj
 .ARM.attributes
                0x00000217       0x21 CMakeFiles/bluetooth.elf.dir/startup/startup_stm32f411xe.s.obj
 .ARM.attributes
                0x00000238       0x1e c:/progra~2/gnutoo~1/72018-~1/bin/../lib/gcc/arm-none-eabi/7.3.1/thumb/v7e-m\libgcc.a(_aeabi_uldivmod.o)
 .ARM.attributes
                0x00000256       0x2e c:/progra~2/gnutoo~1/72018-~1/bin/../lib/gcc/arm-none-eabi/7.3.1/thumb/v7e-m\libgcc.a(_udivmoddi4.o)
 .ARM.attributes
                0x00000284       0x1e c:/progra~2/gnutoo~1/72018-~1/bin/../lib/gcc/arm-none-eabi/7.3.1/thumb/v7e-m\libgcc.a(_dvmd_tls.o)
 .ARM.attributes
                0x000002a2       0x2e c:/progra~2/gnutoo~1/72018-~1/bin/../lib/gcc/arm-none-eabi/7.3.1/../../../../arm-none-eabi/lib/thumb/v7e-m\libg_nano.a(lib_a-init.o)
 .ARM.attributes
                0x000002d0       0x1e c:/progra~2/gnutoo~1/72018-~1/bin/../lib/gcc/arm-none-eabi/7.3.1/thumb/v7e-m/crtn.o
OUTPUT(bluetooth.elf elf32-littlearm)

.debug_info     0x00000000     0x9ed7
 .debug_info    0x00000000     0x10a8 CMakeFiles/bluetooth.elf.dir/Drivers/STM32F4xx_HAL_Driver/Src/stm32f4xx_hal.c.obj
 .debug_info    0x000010a8     0x1546 CMakeFiles/bluetooth.elf.dir/Drivers/STM32F4xx_HAL_Driver/Src/stm32f4xx_hal_cortex.c.obj
 .debug_info    0x000025ee      0xf93 CMakeFiles/bluetooth.elf.dir/Drivers/STM32F4xx_HAL_Driver/Src/stm32f4xx_hal_gpio.c.obj
 .debug_info    0x00003581     0x10d5 CMakeFiles/bluetooth.elf.dir/Drivers/STM32F4xx_HAL_Driver/Src/stm32f4xx_hal_rcc.c.obj
 .debug_info    0x00004656     0x19cc CMakeFiles/bluetooth.elf.dir/Drivers/STM32F4xx_HAL_Driver/Src/stm32f4xx_hal_uart.c.obj
 .debug_info    0x00006022     0x1522 CMakeFiles/bluetooth.elf.dir/Src/main.c.obj
 .debug_info    0x00007544     0x12a6 CMakeFiles/bluetooth.elf.dir/Src/stm32f4xx_hal_msp.c.obj
 .debug_info    0x000087ea      0x9ba CMakeFiles/bluetooth.elf.dir/Src/stm32f4xx_it.c.obj
 .debug_info    0x000091a4      0xd33 CMakeFiles/bluetooth.elf.dir/Src/system_stm32f4xx.c.obj

.debug_abbrev   0x00000000     0x1569
 .debug_abbrev  0x00000000      0x282 CMakeFiles/bluetooth.elf.dir/Drivers/STM32F4xx_HAL_Driver/Src/stm32f4xx_hal.c.obj
 .debug_abbrev  0x00000282      0x373 CMakeFiles/bluetooth.elf.dir/Drivers/STM32F4xx_HAL_Driver/Src/stm32f4xx_hal_cortex.c.obj
 .debug_abbrev  0x000005f5      0x24e CMakeFiles/bluetooth.elf.dir/Drivers/STM32F4xx_HAL_Driver/Src/stm32f4xx_hal_gpio.c.obj
 .debug_abbrev  0x00000843      0x2ca CMakeFiles/bluetooth.elf.dir/Drivers/STM32F4xx_HAL_Driver/Src/stm32f4xx_hal_rcc.c.obj
 .debug_abbrev  0x00000b0d      0x2bf CMakeFiles/bluetooth.elf.dir/Drivers/STM32F4xx_HAL_Driver/Src/stm32f4xx_hal_uart.c.obj
 .debug_abbrev  0x00000dcc      0x24f CMakeFiles/bluetooth.elf.dir/Src/main.c.obj
 .debug_abbrev  0x0000101b      0x1f4 CMakeFiles/bluetooth.elf.dir/Src/stm32f4xx_hal_msp.c.obj
 .debug_abbrev  0x0000120f      0x190 CMakeFiles/bluetooth.elf.dir/Src/stm32f4xx_it.c.obj
 .debug_abbrev  0x0000139f      0x1ca CMakeFiles/bluetooth.elf.dir/Src/system_stm32f4xx.c.obj

.debug_aranges  0x00000000      0x5a8
 .debug_aranges
                0x00000000       0xe0 CMakeFiles/bluetooth.elf.dir/Drivers/STM32F4xx_HAL_Driver/Src/stm32f4xx_hal.c.obj
 .debug_aranges
                0x000000e0      0x118 CMakeFiles/bluetooth.elf.dir/Drivers/STM32F4xx_HAL_Driver/Src/stm32f4xx_hal_cortex.c.obj
 .debug_aranges
                0x000001f8       0x58 CMakeFiles/bluetooth.elf.dir/Drivers/STM32F4xx_HAL_Driver/Src/stm32f4xx_hal_gpio.c.obj
 .debug_aranges
                0x00000250       0x88 CMakeFiles/bluetooth.elf.dir/Drivers/STM32F4xx_HAL_Driver/Src/stm32f4xx_hal_rcc.c.obj
 .debug_aranges
                0x000002d8      0x1d0 CMakeFiles/bluetooth.elf.dir/Drivers/STM32F4xx_HAL_Driver/Src/stm32f4xx_hal_uart.c.obj
 .debug_aranges
                0x000004a8       0x48 CMakeFiles/bluetooth.elf.dir/Src/main.c.obj
 .debug_aranges
                0x000004f0       0x30 CMakeFiles/bluetooth.elf.dir/Src/stm32f4xx_hal_msp.c.obj
 .debug_aranges
                0x00000520       0x60 CMakeFiles/bluetooth.elf.dir/Src/stm32f4xx_it.c.obj
 .debug_aranges
                0x00000580       0x28 CMakeFiles/bluetooth.elf.dir/Src/system_stm32f4xx.c.obj

.debug_ranges   0x00000000      0x518
 .debug_ranges  0x00000000       0xd0 CMakeFiles/bluetooth.elf.dir/Drivers/STM32F4xx_HAL_Driver/Src/stm32f4xx_hal.c.obj
 .debug_ranges  0x000000d0      0x108 CMakeFiles/bluetooth.elf.dir/Drivers/STM32F4xx_HAL_Driver/Src/stm32f4xx_hal_cortex.c.obj
 .debug_ranges  0x000001d8       0x48 CMakeFiles/bluetooth.elf.dir/Drivers/STM32F4xx_HAL_Driver/Src/stm32f4xx_hal_gpio.c.obj
 .debug_ranges  0x00000220       0x78 CMakeFiles/bluetooth.elf.dir/Drivers/STM32F4xx_HAL_Driver/Src/stm32f4xx_hal_rcc.c.obj
 .debug_ranges  0x00000298      0x1c0 CMakeFiles/bluetooth.elf.dir/Drivers/STM32F4xx_HAL_Driver/Src/stm32f4xx_hal_uart.c.obj
 .debug_ranges  0x00000458       0x38 CMakeFiles/bluetooth.elf.dir/Src/main.c.obj
 .debug_ranges  0x00000490       0x20 CMakeFiles/bluetooth.elf.dir/Src/stm32f4xx_hal_msp.c.obj
 .debug_ranges  0x000004b0       0x50 CMakeFiles/bluetooth.elf.dir/Src/stm32f4xx_it.c.obj
 .debug_ranges  0x00000500       0x18 CMakeFiles/bluetooth.elf.dir/Src/system_stm32f4xx.c.obj

.debug_line     0x00000000     0x2c4d
 .debug_line    0x00000000      0x4b1 CMakeFiles/bluetooth.elf.dir/Drivers/STM32F4xx_HAL_Driver/Src/stm32f4xx_hal.c.obj
 .debug_line    0x000004b1      0x5eb CMakeFiles/bluetooth.elf.dir/Drivers/STM32F4xx_HAL_Driver/Src/stm32f4xx_hal_cortex.c.obj
 .debug_line    0x00000a9c      0x47b CMakeFiles/bluetooth.elf.dir/Drivers/STM32F4xx_HAL_Driver/Src/stm32f4xx_hal_gpio.c.obj
 .debug_line    0x00000f17      0x550 CMakeFiles/bluetooth.elf.dir/Drivers/STM32F4xx_HAL_Driver/Src/stm32f4xx_hal_rcc.c.obj
 .debug_line    0x00001467      0xbd1 CMakeFiles/bluetooth.elf.dir/Drivers/STM32F4xx_HAL_Driver/Src/stm32f4xx_hal_uart.c.obj
 .debug_line    0x00002038      0x3bc CMakeFiles/bluetooth.elf.dir/Src/main.c.obj
 .debug_line    0x000023f4      0x330 CMakeFiles/bluetooth.elf.dir/Src/stm32f4xx_hal_msp.c.obj
 .debug_line    0x00002724      0x2c0 CMakeFiles/bluetooth.elf.dir/Src/stm32f4xx_it.c.obj
 .debug_line    0x000029e4      0x269 CMakeFiles/bluetooth.elf.dir/Src/system_stm32f4xx.c.obj

.debug_str      0x00000000     0x225d
 .debug_str     0x00000000      0xd9f CMakeFiles/bluetooth.elf.dir/Drivers/STM32F4xx_HAL_Driver/Src/stm32f4xx_hal.c.obj
                                0xe45 (size before relaxing)
 .debug_str     0x00000d9f      0x435 CMakeFiles/bluetooth.elf.dir/Drivers/STM32F4xx_HAL_Driver/Src/stm32f4xx_hal_cortex.c.obj
                                0xf4f (size before relaxing)
 .debug_str     0x000011d4      0x204 CMakeFiles/bluetooth.elf.dir/Drivers/STM32F4xx_HAL_Driver/Src/stm32f4xx_hal_gpio.c.obj
                                0x98f (size before relaxing)
 .debug_str     0x000013d8      0x30f CMakeFiles/bluetooth.elf.dir/Drivers/STM32F4xx_HAL_Driver/Src/stm32f4xx_hal_rcc.c.obj
                                0xb3b (size before relaxing)
 .debug_str     0x000016e7      0x92e CMakeFiles/bluetooth.elf.dir/Drivers/STM32F4xx_HAL_Driver/Src/stm32f4xx_hal_uart.c.obj
                               0x1019 (size before relaxing)
 .debug_str     0x00002015       0xd0 CMakeFiles/bluetooth.elf.dir/Src/main.c.obj
                               0x1154 (size before relaxing)
 .debug_str     0x000020e5       0x41 CMakeFiles/bluetooth.elf.dir/Src/stm32f4xx_hal_msp.c.obj
                                0xf9a (size before relaxing)
 .debug_str     0x00002126       0xcc CMakeFiles/bluetooth.elf.dir/Src/stm32f4xx_it.c.obj
                                0x6e1 (size before relaxing)
 .debug_str     0x000021f2       0x6b CMakeFiles/bluetooth.elf.dir/Src/system_stm32f4xx.c.obj
                                0x7f3 (size before relaxing)

.comment        0x00000000       0x7f
 .comment       0x00000000       0x7f CMakeFiles/bluetooth.elf.dir/Drivers/STM32F4xx_HAL_Driver/Src/stm32f4xx_hal.c.obj
                                 0x80 (size before relaxing)
 .comment       0x0000007f       0x80 CMakeFiles/bluetooth.elf.dir/Drivers/STM32F4xx_HAL_Driver/Src/stm32f4xx_hal_cortex.c.obj
 .comment       0x0000007f       0x80 CMakeFiles/bluetooth.elf.dir/Drivers/STM32F4xx_HAL_Driver/Src/stm32f4xx_hal_gpio.c.obj
 .comment       0x0000007f       0x80 CMakeFiles/bluetooth.elf.dir/Drivers/STM32F4xx_HAL_Driver/Src/stm32f4xx_hal_rcc.c.obj
 .comment       0x0000007f       0x80 CMakeFiles/bluetooth.elf.dir/Drivers/STM32F4xx_HAL_Driver/Src/stm32f4xx_hal_uart.c.obj
 .comment       0x0000007f       0x80 CMakeFiles/bluetooth.elf.dir/Src/main.c.obj
 .comment       0x0000007f       0x80 CMakeFiles/bluetooth.elf.dir/Src/stm32f4xx_hal_msp.c.obj
 .comment       0x0000007f       0x80 CMakeFiles/bluetooth.elf.dir/Src/stm32f4xx_it.c.obj
 .comment       0x0000007f       0x80 CMakeFiles/bluetooth.elf.dir/Src/system_stm32f4xx.c.obj

.debug_frame    0x00000000     0x1680
 .debug_frame   0x00000000      0x33c CMakeFiles/bluetooth.elf.dir/Drivers/STM32F4xx_HAL_Driver/Src/stm32f4xx_hal.c.obj
 .debug_frame   0x0000033c      0x498 CMakeFiles/bluetooth.elf.dir/Drivers/STM32F4xx_HAL_Driver/Src/stm32f4xx_hal_cortex.c.obj
 .debug_frame   0x000007d4      0x14c CMakeFiles/bluetooth.elf.dir/Drivers/STM32F4xx_HAL_Driver/Src/stm32f4xx_hal_gpio.c.obj
 .debug_frame   0x00000920      0x1f0 CMakeFiles/bluetooth.elf.dir/Drivers/STM32F4xx_HAL_Driver/Src/stm32f4xx_hal_rcc.c.obj
 .debug_frame   0x00000b10      0x83c CMakeFiles/bluetooth.elf.dir/Drivers/STM32F4xx_HAL_Driver/Src/stm32f4xx_hal_uart.c.obj
 .debug_frame   0x0000134c       0xc8 CMakeFiles/bluetooth.elf.dir/Src/main.c.obj
 .debug_frame   0x00001414       0x7c CMakeFiles/bluetooth.elf.dir/Src/stm32f4xx_hal_msp.c.obj
 .debug_frame   0x00001490      0x10c CMakeFiles/bluetooth.elf.dir/Src/stm32f4xx_it.c.obj
 .debug_frame   0x0000159c       0x58 CMakeFiles/bluetooth.elf.dir/Src/system_stm32f4xx.c.obj
 .debug_frame   0x000015f4       0x2c c:/progra~2/gnutoo~1/72018-~1/bin/../lib/gcc/arm-none-eabi/7.3.1/thumb/v7e-m\libgcc.a(_aeabi_uldivmod.o)
 .debug_frame   0x00001620       0x34 c:/progra~2/gnutoo~1/72018-~1/bin/../lib/gcc/arm-none-eabi/7.3.1/thumb/v7e-m\libgcc.a(_udivmoddi4.o)
 .debug_frame   0x00001654       0x2c c:/progra~2/gnutoo~1/72018-~1/bin/../lib/gcc/arm-none-eabi/7.3.1/../../../../arm-none-eabi/lib/thumb/v7e-m\libg_nano.a(lib_a-init.o)
